Archive member included to satisfy reference by file (symbol)

d:/st/stm32cubeide_1.4.0/stm32cubeide/plugins/com.st.stm32cube.ide.mcu.externaltools.gnu-tools-for-stm32.7-2018-q2-update.win32_1.4.0.202007081208/tools/bin/../lib/gcc/arm-none-eabi/7.3.1/../../../../arm-none-eabi/lib/thumb/v7e-m/fpv4-sp/hard\libc_nano.a(lib_a-errno.o)
                              Core/Src/syscalls.o (__errno)
d:/st/stm32cubeide_1.4.0/stm32cubeide/plugins/com.st.stm32cube.ide.mcu.externaltools.gnu-tools-for-stm32.7-2018-q2-update.win32_1.4.0.202007081208/tools/bin/../lib/gcc/arm-none-eabi/7.3.1/../../../../arm-none-eabi/lib/thumb/v7e-m/fpv4-sp/hard\libc_nano.a(lib_a-exit.o)
                              d:/st/stm32cubeide_1.4.0/stm32cubeide/plugins/com.st.stm32cube.ide.mcu.externaltools.gnu-tools-for-stm32.7-2018-q2-update.win32_1.4.0.202007081208/tools/bin/../lib/gcc/arm-none-eabi/7.3.1/../../../../arm-none-eabi/lib/thumb/v7e-m/fpv4-sp/hard/crt0.o (exit)
d:/st/stm32cubeide_1.4.0/stm32cubeide/plugins/com.st.stm32cube.ide.mcu.externaltools.gnu-tools-for-stm32.7-2018-q2-update.win32_1.4.0.202007081208/tools/bin/../lib/gcc/arm-none-eabi/7.3.1/../../../../arm-none-eabi/lib/thumb/v7e-m/fpv4-sp/hard\libc_nano.a(lib_a-impure.o)
                              d:/st/stm32cubeide_1.4.0/stm32cubeide/plugins/com.st.stm32cube.ide.mcu.externaltools.gnu-tools-for-stm32.7-2018-q2-update.win32_1.4.0.202007081208/tools/bin/../lib/gcc/arm-none-eabi/7.3.1/../../../../arm-none-eabi/lib/thumb/v7e-m/fpv4-sp/hard\libc_nano.a(lib_a-exit.o) (_global_impure_ptr)
d:/st/stm32cubeide_1.4.0/stm32cubeide/plugins/com.st.stm32cube.ide.mcu.externaltools.gnu-tools-for-stm32.7-2018-q2-update.win32_1.4.0.202007081208/tools/bin/../lib/gcc/arm-none-eabi/7.3.1/../../../../arm-none-eabi/lib/thumb/v7e-m/fpv4-sp/hard\libc_nano.a(lib_a-init.o)
                              d:/st/stm32cubeide_1.4.0/stm32cubeide/plugins/com.st.stm32cube.ide.mcu.externaltools.gnu-tools-for-stm32.7-2018-q2-update.win32_1.4.0.202007081208/tools/bin/../lib/gcc/arm-none-eabi/7.3.1/../../../../arm-none-eabi/lib/thumb/v7e-m/fpv4-sp/hard/crt0.o (__libc_init_array)
d:/st/stm32cubeide_1.4.0/stm32cubeide/plugins/com.st.stm32cube.ide.mcu.externaltools.gnu-tools-for-stm32.7-2018-q2-update.win32_1.4.0.202007081208/tools/bin/../lib/gcc/arm-none-eabi/7.3.1/../../../../arm-none-eabi/lib/thumb/v7e-m/fpv4-sp/hard\libc_nano.a(lib_a-memset.o)
                              d:/st/stm32cubeide_1.4.0/stm32cubeide/plugins/com.st.stm32cube.ide.mcu.externaltools.gnu-tools-for-stm32.7-2018-q2-update.win32_1.4.0.202007081208/tools/bin/../lib/gcc/arm-none-eabi/7.3.1/../../../../arm-none-eabi/lib/thumb/v7e-m/fpv4-sp/hard/crt0.o (memset)
d:/st/stm32cubeide_1.4.0/stm32cubeide/plugins/com.st.stm32cube.ide.mcu.externaltools.gnu-tools-for-stm32.7-2018-q2-update.win32_1.4.0.202007081208/tools/bin/../lib/gcc/arm-none-eabi/7.3.1/../../../../arm-none-eabi/lib/thumb/v7e-m/fpv4-sp/hard\libc_nano.a(lib_a-puts.o)
                              Core/Src/main.o (puts)
d:/st/stm32cubeide_1.4.0/stm32cubeide/plugins/com.st.stm32cube.ide.mcu.externaltools.gnu-tools-for-stm32.7-2018-q2-update.win32_1.4.0.202007081208/tools/bin/../lib/gcc/arm-none-eabi/7.3.1/../../../../arm-none-eabi/lib/thumb/v7e-m/fpv4-sp/hard\libc_nano.a(lib_a-sprintf.o)
                              Core/Src/main.o (sprintf)
d:/st/stm32cubeide_1.4.0/stm32cubeide/plugins/com.st.stm32cube.ide.mcu.externaltools.gnu-tools-for-stm32.7-2018-q2-update.win32_1.4.0.202007081208/tools/bin/../lib/gcc/arm-none-eabi/7.3.1/../../../../arm-none-eabi/lib/thumb/v7e-m/fpv4-sp/hard\libc_nano.a(lib_a-wbuf.o)
                              d:/st/stm32cubeide_1.4.0/stm32cubeide/plugins/com.st.stm32cube.ide.mcu.externaltools.gnu-tools-for-stm32.7-2018-q2-update.win32_1.4.0.202007081208/tools/bin/../lib/gcc/arm-none-eabi/7.3.1/../../../../arm-none-eabi/lib/thumb/v7e-m/fpv4-sp/hard\libc_nano.a(lib_a-puts.o) (__swbuf_r)
d:/st/stm32cubeide_1.4.0/stm32cubeide/plugins/com.st.stm32cube.ide.mcu.externaltools.gnu-tools-for-stm32.7-2018-q2-update.win32_1.4.0.202007081208/tools/bin/../lib/gcc/arm-none-eabi/7.3.1/../../../../arm-none-eabi/lib/thumb/v7e-m/fpv4-sp/hard\libc_nano.a(lib_a-wsetup.o)
                              d:/st/stm32cubeide_1.4.0/stm32cubeide/plugins/com.st.stm32cube.ide.mcu.externaltools.gnu-tools-for-stm32.7-2018-q2-update.win32_1.4.0.202007081208/tools/bin/../lib/gcc/arm-none-eabi/7.3.1/../../../../arm-none-eabi/lib/thumb/v7e-m/fpv4-sp/hard\libc_nano.a(lib_a-puts.o) (__swsetup_r)
d:/st/stm32cubeide_1.4.0/stm32cubeide/plugins/com.st.stm32cube.ide.mcu.externaltools.gnu-tools-for-stm32.7-2018-q2-update.win32_1.4.0.202007081208/tools/bin/../lib/gcc/arm-none-eabi/7.3.1/../../../../arm-none-eabi/lib/thumb/v7e-m/fpv4-sp/hard\libc_nano.a(lib_a-fflush.o)
[...]
Memory Configuration

Name             Origin             Length             Attributes
RAM              0x0000000020000000 0x0000000000050000 xrw
FLASH            0x0000000008000000 0x0000000000100000 xr
*default*        0x0000000000000000 0xffffffffffffffff

Linker script and memory map

LOAD d:/st/stm32cubeide_1.4.0/stm32cubeide/plugins/com.st.stm32cube.ide.mcu.externaltools.gnu-tools-for-stm32.7-2018-q2-update.win32_1.4.0.202007081208/tools/bin/../lib/gcc/arm-none-eabi/7.3.1/thumb/v7e-m/fpv4-sp/hard/crti.o
LOAD d:/st/stm32cubeide_1.4.0/stm32cubeide/plugins/com.st.stm32cube.ide.mcu.externaltools.gnu-tools-for-stm32.7-2018-q2-update.win32_1.4.0.202007081208/tools/bin/../lib/gcc/arm-none-eabi/7.3.1/thumb/v7e-m/fpv4-sp/hard/crtbegin.o
LOAD d:/st/stm32cubeide_1.4.0/stm32cubeide/plugins/com.st.stm32cube.ide.mcu.externaltools.gnu-tools-for-stm32.7-2018-q2-update.win32_1.4.0.202007081208/tools/bin/../lib/gcc/arm-none-eabi/7.3.1/../../../../arm-none-eabi/lib/thumb/v7e-m/fpv4-sp/hard/crt0.o
LOAD Core/Src/main.o
LOAD Core/Src/stm32f7xx_hal_msp.o
LOAD Core/Src/stm32f7xx_hal_timebase_tim.o
LOAD Core/Src/stm32f7xx_it.o
LOAD Core/Src/syscalls.o
LOAD Core/Src/sysmem.o
LOAD Core/Src/system_stm32f7xx.o
LOAD Core/Startup/startup_stm32f746nghx.o
LOAD Drivers/BSP/Components/ft5336/ft5336.o
LOAD Drivers/BSP/STM32746G-Discovery/stm32746g_discovery.o
LOAD Drivers/BSP/STM32746G-Discovery/stm32746g_discovery_eeprom.o
LOAD Drivers/BSP/STM32746G-Discovery/stm32746g_discovery_lcd.o
LOAD Drivers/BSP/STM32746G-Discovery/stm32746g_discovery_sdram.o
LOAD Drivers/BSP/STM32746G-Discovery/stm32746g_discovery_ts.o
LOAD Drivers/STM32F7xx_HAL_Driver/Src/stm32f7xx_hal.o
LOAD Drivers/STM32F7xx_HAL_Driver/Src/stm32f7xx_hal_adc.o
LOAD Drivers/STM32F7xx_HAL_Driver/Src/stm32f7xx_hal_adc_ex.o
LOAD Drivers/STM32F7xx_HAL_Driver/Src/stm32f7xx_hal_cortex.o
LOAD Drivers/STM32F7xx_HAL_Driver/Src/stm32f7xx_hal_dcmi.o
LOAD Drivers/STM32F7xx_HAL_Driver/Src/stm32f7xx_hal_dcmi_ex.o
LOAD Drivers/STM32F7xx_HAL_Driver/Src/stm32f7xx_hal_dma.o
LOAD Drivers/STM32F7xx_HAL_Driver/Src/stm32f7xx_hal_dma2d.o
LOAD Drivers/STM32F7xx_HAL_Driver/Src/stm32f7xx_hal_dma_ex.o
LOAD Drivers/STM32F7xx_HAL_Driver/Src/stm32f7xx_hal_dsi.o
LOAD Drivers/STM32F7xx_HAL_Driver/Src/stm32f7xx_hal_exti.o
LOAD Drivers/STM32F7xx_HAL_Driver/Src/stm32f7xx_hal_flash.o
LOAD Drivers/STM32F7xx_HAL_Driver/Src/stm32f7xx_hal_flash_ex.o
LOAD Drivers/STM32F7xx_HAL_Driver/Src/stm32f7xx_hal_gpio.o
LOAD Drivers/STM32F7xx_HAL_Driver/Src/stm32f7xx_hal_i2c.o
LOAD Drivers/STM32F7xx_HAL_Driver/Src/stm32f7xx_hal_i2c_ex.o
LOAD Drivers/STM32F7xx_HAL_Driver/Src/stm32f7xx_hal_ltdc.o
LOAD Drivers/STM32F7xx_HAL_Driver/Src/stm32f7xx_hal_ltdc_ex.o
LOAD Drivers/STM32F7xx_HAL_Driver/Src/stm32f7xx_hal_pwr.o
LOAD Drivers/STM32F7xx_HAL_Driver/Src/stm32f7xx_hal_pwr_ex.o
LOAD Drivers/STM32F7xx_HAL_Driver/Src/stm32f7xx_hal_qspi.o
LOAD Drivers/STM32F7xx_HAL_Driver/Src/stm32f7xx_hal_rcc.o
LOAD Drivers/STM32F7xx_HAL_Driver/Src/stm32f7xx_hal_rcc_ex.o
LOAD Drivers/STM32F7xx_HAL_Driver/Src/stm32f7xx_hal_rtc.o
LOAD Drivers/STM32F7xx_HAL_Driver/Src/stm32f7xx_hal_rtc_ex.o
LOAD Drivers/STM32F7xx_HAL_Driver/Src/stm32f7xx_hal_sai.o
LOAD Drivers/STM32F7xx_HAL_Driver/Src/stm32f7xx_hal_sai_ex.o
LOAD Drivers/STM32F7xx_HAL_Driver/Src/stm32f7xx_hal_sd.o
LOAD Drivers/STM32F7xx_HAL_Driver/Src/stm32f7xx_hal_sdram.o
LOAD Drivers/STM32F7xx_HAL_Driver/Src/stm32f7xx_hal_spdifrx.o
LOAD Drivers/STM32F7xx_HAL_Driver/Src/stm32f7xx_hal_spi.o
LOAD Drivers/STM32F7xx_HAL_Driver/Src/stm32f7xx_hal_spi_ex.o
LOAD Drivers/STM32F7xx_HAL_Driver/Src/stm32f7xx_hal_tim.o
LOAD Drivers/STM32F7xx_HAL_Driver/Src/stm32f7xx_hal_tim_ex.o
LOAD Drivers/STM32F7xx_HAL_Driver/Src/stm32f7xx_hal_uart.o
LOAD Drivers/STM32F7xx_HAL_Driver/Src/stm32f7xx_hal_uart_ex.o
LOAD Drivers/STM32F7xx_HAL_Driver/Src/stm32f7xx_ll_fmc.o
LOAD Drivers/STM32F7xx_HAL_Driver/Src/stm32f7xx_ll_sdmmc.o
START GROUP
LOAD d:/st/stm32cubeide_1.4.0/stm32cubeide/plugins/com.st.stm32cube.ide.mcu.externaltools.gnu-tools-for-stm32.7-2018-q2-update.win32_1.4.0.202007081208/tools/bin/../lib/gcc/arm-none-eabi/7.3.1/../../../../arm-none-eabi/lib/thumb/v7e-m/fpv4-sp/hard\libc_nano.a
LOAD d:/st/stm32cubeide_1.4.0/stm32cubeide/plugins/com.st.stm32cube.ide.mcu.externaltools.gnu-tools-for-stm32.7-2018-q2-update.win32_1.4.0.202007081208/tools/bin/../lib/gcc/arm-none-eabi/7.3.1/../../../../arm-none-eabi/lib/thumb/v7e-m/fpv4-sp/hard\libm.a
END GROUP
START GROUP
LOAD d:/st/stm32cubeide_1.4.0/stm32cubeide/plugins/com.st.stm32cube.ide.mcu.externaltools.gnu-tools-for-stm32.7-2018-q2-update.win32_1.4.0.202007081208/tools/bin/../lib/gcc/arm-none-eabi/7.3.1/thumb/v7e-m/fpv4-sp/hard\libgcc.a
LOAD d:/st/stm32cubeide_1.4.0/stm32cubeide/plugins/com.st.stm32cube.ide.mcu.externaltools.gnu-tools-for-stm32.7-2018-q2-update.win32_1.4.0.202007081208/tools/bin/../lib/gcc/arm-none-eabi/7.3.1/../../../../arm-none-eabi/lib/thumb/v7e-m/fpv4-sp/hard\libc_nano.a
END GROUP
START GROUP
LOAD d:/st/stm32cubeide_1.4.0/stm32cubeide/plugins/com.st.stm32cube.ide.mcu.externaltools.gnu-tools-for-stm32.7-2018-q2-update.win32_1.4.0.202007081208/tools/bin/../lib/gcc/arm-none-eabi/7.3.1/thumb/v7e-m/fpv4-sp/hard\libgcc.a
LOAD d:/st/stm32cubeide_1.4.0/stm32cubeide/plugins/com.st.stm32cube.ide.mcu.externaltools.gnu-tools-for-stm32.7-2018-q2-update.win32_1.4.0.202007081208/tools/bin/../lib/gcc/arm-none-eabi/7.3.1/../../../../arm-none-eabi/lib/thumb/v7e-m/fpv4-sp/hard\libc_nano.a
LOAD d:/st/stm32cubeide_1.4.0/stm32cubeide/plugins/com.st.stm32cube.ide.mcu.externaltools.gnu-tools-for-stm32.7-2018-q2-update.win32_1.4.0.202007081208/tools/bin/../lib/gcc/arm-none-eabi/7.3.1/../../../../arm-none-eabi/lib/thumb/v7e-m/fpv4-sp/hard\libnosys.a
END GROUP
START GROUP
LOAD d:/st/stm32cubeide_1.4.0/stm32cubeide/plugins/com.st.stm32cube.ide.mcu.externaltools.gnu-tools-for-stm32.7-2018-q2-update.win32_1.4.0.202007081208/tools/bin/../lib/gcc/arm-none-eabi/7.3.1/thumb/v7e-m/fpv4-sp/hard\libgcc.a
LOAD d:/st/stm32cubeide_1.4.0/stm32cubeide/plugins/com.st.stm32cube.ide.mcu.externaltools.gnu-tools-for-stm32.7-2018-q2-update.win32_1.4.0.202007081208/tools/bin/../lib/gcc/arm-none-eabi/7.3.1/../../../../arm-none-eabi/lib/thumb/v7e-m/fpv4-sp/hard\libc_nano.a
LOAD d:/st/stm32cubeide_1.4.0/stm32cubeide/plugins/com.st.stm32cube.ide.mcu.externaltools.gnu-tools-for-stm32.7-2018-q2-update.win32_1.4.0.202007081208/tools/bin/../lib/gcc/arm-none-eabi/7.3.1/../../../../arm-none-eabi/lib/thumb/v7e-m/fpv4-sp/hard\libnosys.a
END GROUP
LOAD d:/st/stm32cubeide_1.4.0/stm32cubeide/plugins/com.st.stm32cube.ide.mcu.externaltools.gnu-tools-for-stm32.7-2018-q2-update.win32_1.4.0.202007081208/tools/bin/../lib/gcc/arm-none-eabi/7.3.1/thumb/v7e-m/fpv4-sp/hard/crtend.o
LOAD d:/st/stm32cubeide_1.4.0/stm32cubeide/plugins/com.st.stm32cube.ide.mcu.externaltools.gnu-tools-for-stm32.7-2018-q2-update.win32_1.4.0.202007081208/tools/bin/../lib/gcc/arm-none-eabi/7.3.1/thumb/v7e-m/fpv4-sp/hard/crtn.o
                0x0000000020050000                _estack = (ORIGIN (RAM) + LENGTH (RAM))
                0x0000000000000200                _Min_Heap_Size = 0x200
                0x0000000000000400                _Min_Stack_Size = 0x400

.isr_vector     0x0000000008000000      0x1c8
                0x0000000008000000                . = ALIGN (0x4)
 *(.isr_vector)
 .isr_vector    0x0000000008000000      0x1c8 Core/Startup/startup_stm32f746nghx.o
                0x0000000008000000                g_pfnVectors
                0x00000000080001c8                . = ALIGN (0x4)

.text           0x00000000080001d0     0xd5dc
                0x00000000080001d0                . = ALIGN (0x4)
 *(.text)
 .text          0x00000000080001d0       0x40 d:/st/stm32cubeide_1.4.0/stm32cubeide/plugins/com.st.stm32cube.ide.mcu.externaltools.gnu-tools-for-stm32.7-2018-q2-update.win32_1.4.0.202007081208/tools/bin/../lib/gcc/arm-none-eabi/7.3.1/thumb/v7e-m/fpv4-sp/hard/crtbegin.o
 .text          0x0000000008000210       0xa0 d:/st/stm32cubeide_1.4.0/stm32cubeide/plugins/com.st.stm32cube.ide.mcu.externaltools.gnu-tools-for-stm32.7-2018-q2-update.win32_1.4.0.202007081208/tools/bin/../lib/gcc/arm-none-eabi/7.3.1/../../../../arm-none-eabi/lib/thumb/v7e-m/fpv4-sp/hard\libc_nano.a(lib_a-memchr.o)
                0x0000000008000210                memchr
 .text          0x00000000080002b0       0x30 d:/st/stm32cubeide_1.4.0/stm32cubeide/plugins/com.st.stm32cube.ide.mcu.externaltools.gnu-tools-for-stm32.7-2018-q2-update.win32_1.4.0.202007081208/tools/bin/../lib/gcc/arm-none-eabi/7.3.1/thumb/v7e-m/fpv4-sp/hard\libgcc.a(_aeabi_uldivmod.o)
                0x00000000080002b0                __aeabi_uldivmod
 .text          0x00000000080002e0      0x2cc d:/st/stm32cubeide_1.4.0/stm32cubeide/plugins/com.st.stm32cube.ide.mcu.externaltools.gnu-tools-for-stm32.7-2018-q2-update.win32_1.4.0.202007081208/tools/bin/../lib/gcc/arm-none-eabi/7.3.1/thumb/v7e-m/fpv4-sp/hard\libgcc.a(_udivmoddi4.o)
                0x00000000080002e0                __udivmoddi4
 .text          0x00000000080005ac        0x4 d:/st/stm32cubeide_1.4.0/stm32cubeide/plugins/com.st.stm32cube.ide.mcu.externaltools.gnu-tools-for-stm32.7-2018-q2-update.win32_1.4.0.202007081208/tools/bin/../lib/gcc/arm-none-eabi/7.3.1/thumb/v7e-m/fpv4-sp/hard\libgcc.a(_dvmd_tls.o)
                0x00000000080005ac                __aeabi_idiv0
                0x00000000080005ac                __aeabi_ldiv0
 *(.text*)
 .text.__io_putchar
                0x00000000080005b0       0x24 Core/Src/main.o
                0x00000000080005b0                __io_putchar
 .text.main     0x00000000080005d4      0x174 Core/Src/main.o
                0x00000000080005d4                main
 .text.SystemClock_Config
                0x0000000008000748      0x180 Core/Src/main.o
                0x0000000008000748                SystemClock_Config
 .text.MX_ADC3_Init
                0x00000000080008c8       0xa4 Core/Src/main.o
 .text.MX_DCMI_Init
                0x000000000800096c       0x68 Core/Src/main.o
 .text.MX_DMA2D_Init
                0x00000000080009d4       0x64 Core/Src/main.o
 .text.MX_I2C1_Init
                0x0000000008000a38       0x80 Core/Src/main.o
 .text.MX_I2C3_Init
                0x0000000008000ab8       0x80 Core/Src/main.o
 .text.MX_LTDC_Init
                0x0000000008000b38      0x16c Core/Src/main.o
 .text.MX_QUADSPI_Init
                0x0000000008000ca4       0x58 Core/Src/main.o
 .text.MX_RTC_Init
                0x0000000008000cfc      0x14c Core/Src/main.o
 .text.MX_SAI2_Init
                0x0000000008000e48      0x150 Core/Src/main.o
 .text.MX_SDMMC1_SD_Init
                0x0000000008000f98       0x60 Core/Src/main.o
 .text.MX_SPDIFRX_Init
                0x0000000008000ff8       0x60 Core/Src/main.o
 .text.MX_SPI2_Init
                0x0000000008001058       0x7c Core/Src/main.o
 .text.MX_TIM1_Init
                0x00000000080010d4      0x158 Core/Src/main.o
 .text.MX_TIM2_Init
                0x000000000800122c       0xec Core/Src/main.o
 .text.MX_TIM3_Init
                0x0000000008001318       0xf0 Core/Src/main.o
 .text.MX_TIM5_Init
                0x0000000008001408       0xf0 Core/Src/main.o
 .text.MX_TIM8_Init
                0x00000000080014f8       0xa8 Core/Src/main.o
 .text.MX_TIM12_Init
                0x00000000080015a0       0x8c Core/Src/main.o
 .text.MX_USART1_UART_Init
                0x000000000800162c       0x60 Core/Src/main.o
 .text.MX_USART6_UART_Init
                0x000000000800168c       0x60 Core/Src/main.o
 .text.MX_FMC_Init
                0x00000000080016ec       0xa0 Core/Src/main.o
 .text.MX_GPIO_Init
                0x000000000800178c      0x410 Core/Src/main.o
 .text.HAL_TIM_PeriodElapsedCallback
                0x0000000008001b9c       0x24 Core/Src/main.o
                0x0000000008001b9c                HAL_TIM_PeriodElapsedCallback
 .text.Error_Handler
                0x0000000008001bc0        0xe Core/Src/main.o
                0x0000000008001bc0                Error_Handler
 *fill*         0x0000000008001bce        0x2 
 .text.HAL_MspInit
                0x0000000008001bd0       0x50 Core/Src/stm32f7xx_hal_msp.o
                0x0000000008001bd0                HAL_MspInit
 .text.HAL_ADC_MspInit
                0x0000000008001c20       0xb4 Core/Src/stm32f7xx_hal_msp.o
                0x0000000008001c20                HAL_ADC_MspInit
 .text.HAL_DCMI_MspInit
                0x0000000008001cd4      0x17c Core/Src/stm32f7xx_hal_msp.o
                0x0000000008001cd4                HAL_DCMI_MspInit
 .text.HAL_DMA2D_MspInit
                0x0000000008001e50       0x4c Core/Src/stm32f7xx_hal_msp.o
                0x0000000008001e50                HAL_DMA2D_MspInit
 .text.HAL_I2C_MspInit
                0x0000000008001e9c       0xf0 Core/Src/stm32f7xx_hal_msp.o
                0x0000000008001e9c                HAL_I2C_MspInit
 .text.HAL_I2C_MspDeInit
                0x0000000008001f8c       0x78 Core/Src/stm32f7xx_hal_msp.o
                0x0000000008001f8c                HAL_I2C_MspDeInit
 .text.HAL_LTDC_MspInit
                0x0000000008002004      0x190 Core/Src/stm32f7xx_hal_msp.o
                0x0000000008002004                HAL_LTDC_MspInit
 .text.HAL_QSPI_MspInit
                0x0000000008002194      0x120 Core/Src/stm32f7xx_hal_msp.o
                0x0000000008002194                HAL_QSPI_MspInit
 .text.HAL_RTC_MspInit
                0x00000000080022b4       0x34 Core/Src/stm32f7xx_hal_msp.o
                0x00000000080022b4                HAL_RTC_MspInit
 .text.HAL_SD_MspInit
                0x00000000080022e8       0xc4 Core/Src/stm32f7xx_hal_msp.o
                0x00000000080022e8                HAL_SD_MspInit
 .text.HAL_SPDIFRX_MspInit
                0x00000000080023ac       0x84 Core/Src/stm32f7xx_hal_msp.o
                0x00000000080023ac                HAL_SPDIFRX_MspInit
 .text.HAL_SPI_MspInit
                0x0000000008002430       0xc4 Core/Src/stm32f7xx_hal_msp.o
                0x0000000008002430                HAL_SPI_MspInit
 .text.HAL_TIM_Base_MspInit
                0x00000000080024f4       0xdc Core/Src/stm32f7xx_hal_msp.o
                0x00000000080024f4                HAL_TIM_Base_MspInit
 .text.HAL_TIM_PWM_MspInit
                0x00000000080025d0       0x40 Core/Src/stm32f7xx_hal_msp.o
                0x00000000080025d0                HAL_TIM_PWM_MspInit
 .text.HAL_TIM_MspPostInit
                0x0000000008002610      0x19c Core/Src/stm32f7xx_hal_msp.o
                0x0000000008002610                HAL_TIM_MspPostInit
 .text.HAL_UART_MspInit
                0x00000000080027ac      0x128 Core/Src/stm32f7xx_hal_msp.o
                0x00000000080027ac                HAL_UART_MspInit
 .text.HAL_FMC_MspInit
                0x00000000080028d4      0x120 Core/Src/stm32f7xx_hal_msp.o
 .text.HAL_SDRAM_MspInit
                0x00000000080029f4       0x14 Core/Src/stm32f7xx_hal_msp.o
                0x00000000080029f4                HAL_SDRAM_MspInit
 .text.HAL_SAI_MspInit
                0x0000000008002a08       0xd4 Core/Src/stm32f7xx_hal_msp.o
                0x0000000008002a08                HAL_SAI_MspInit
 .text.HAL_InitTick
                0x0000000008002adc       0xb0 Core/Src/stm32f7xx_hal_timebase_tim.o
                0x0000000008002adc                HAL_InitTick
 .text.NMI_Handler
                0x0000000008002b8c        0xe Core/Src/stm32f7xx_it.o
                0x0000000008002b8c                NMI_Handler
 .text.HardFault_Handler
                0x0000000008002b9a        0x6 Core/Src/stm32f7xx_it.o
                0x0000000008002b9a                HardFault_Handler
 .text.MemManage_Handler
                0x0000000008002ba0        0x6 Core/Src/stm32f7xx_it.o
                0x0000000008002ba0                MemManage_Handler
 .text.BusFault_Handler
                0x0000000008002ba6        0x6 Core/Src/stm32f7xx_it.o
                0x0000000008002ba6                BusFault_Handler
 .text.UsageFault_Handler
                0x0000000008002bac        0x6 Core/Src/stm32f7xx_it.o
                0x0000000008002bac                UsageFault_Handler
 .text.SVC_Handler
                0x0000000008002bb2        0xe Core/Src/stm32f7xx_it.o
                0x0000000008002bb2                SVC_Handler
 .text.DebugMon_Handler
                0x0000000008002bc0        0xe Core/Src/stm32f7xx_it.o
                0x0000000008002bc0                DebugMon_Handler
 .text.PendSV_Handler
                0x0000000008002bce        0xe Core/Src/stm32f7xx_it.o
                0x0000000008002bce                PendSV_Handler
 .text.SysTick_Handler
                0x0000000008002bdc        0xe Core/Src/stm32f7xx_it.o
                0x0000000008002bdc                SysTick_Handler
 *fill*         0x0000000008002bea        0x2 
 .text.TIM6_DAC_IRQHandler
                0x0000000008002bec       0x14 Core/Src/stm32f7xx_it.o
                0x0000000008002bec                TIM6_DAC_IRQHandler
 .text.LTDC_IRQHandler
                0x0000000008002c00       0x14 Core/Src/stm32f7xx_it.o
                0x0000000008002c00                LTDC_IRQHandler
 .text.DMA2D_IRQHandler
                0x0000000008002c14       0x14 Core/Src/stm32f7xx_it.o
                0x0000000008002c14                DMA2D_IRQHandler
 .text._read    0x0000000008002c28       0x3a Core/Src/syscalls.o
                0x0000000008002c28                _read
 .text._write   0x0000000008002c62       0x38 Core/Src/syscalls.o
                0x0000000008002c62                _write
 .text._close   0x0000000008002c9a       0x18 Core/Src/syscalls.o
                0x0000000008002c9a                _close
 .text._fstat   0x0000000008002cb2       0x20 Core/Src/syscalls.o
                0x0000000008002cb2                _fstat
 .text._isatty  0x0000000008002cd2       0x16 Core/Src/syscalls.o
                0x0000000008002cd2                _isatty
 .text._lseek   0x0000000008002ce8       0x1a Core/Src/syscalls.o
                0x0000000008002ce8                _lseek
 *fill*         0x0000000008002d02        0x2 
 .text._sbrk    0x0000000008002d04       0x6c Core/Src/sysmem.o
                0x0000000008002d04                _sbrk
 .text.SystemInit
                0x0000000008002d70       0x2c Core/Src/system_stm32f7xx.o
                0x0000000008002d70                SystemInit
 .text.Reset_Handler
                0x0000000008002d9c       0x50 Core/Startup/startup_stm32f746nghx.o
                0x0000000008002d9c                Reset_Handler
 .text.Default_Handler
                0x0000000008002dec        0x2 Core/Startup/startup_stm32f746nghx.o
                0x0000000008002dec                RTC_Alarm_IRQHandler
                0x0000000008002dec                EXTI2_IRQHandler
                0x0000000008002dec                TIM8_CC_IRQHandler
                0x0000000008002dec                UART8_IRQHandler
                0x0000000008002dec                SPI4_IRQHandler
                0x0000000008002dec                TIM1_CC_IRQHandler
                0x0000000008002dec                DMA2_Stream5_IRQHandler
                0x0000000008002dec                DMA1_Stream5_IRQHandler
                0x0000000008002dec                PVD_IRQHandler
                0x0000000008002dec                TAMP_STAMP_IRQHandler
                0x0000000008002dec                CAN2_RX1_IRQHandler
                0x0000000008002dec                EXTI3_IRQHandler
                0x0000000008002dec                TIM8_TRG_COM_TIM14_IRQHandler
                0x0000000008002dec                TIM1_UP_TIM10_IRQHandler
                0x0000000008002dec                TIM8_UP_TIM13_IRQHandler
                0x0000000008002dec                I2C3_ER_IRQHandler
                0x0000000008002dec                EXTI0_IRQHandler
                0x0000000008002dec                I2C2_EV_IRQHandler
                0x0000000008002dec                DMA1_Stream2_IRQHandler
                0x0000000008002dec                CAN1_RX0_IRQHandler
                0x0000000008002dec                FPU_IRQHandler
                0x0000000008002dec                OTG_HS_WKUP_IRQHandler
                0x0000000008002dec                LTDC_ER_IRQHandler
                0x0000000008002dec                CAN2_SCE_IRQHandler
                0x0000000008002dec                DMA2_Stream2_IRQHandler
                0x0000000008002dec                SPI1_IRQHandler
                0x0000000008002dec                TIM1_BRK_TIM9_IRQHandler
                0x0000000008002dec                DCMI_IRQHandler
                0x0000000008002dec                CAN2_RX0_IRQHandler
                0x0000000008002dec                DMA2_Stream3_IRQHandler
                0x0000000008002dec                SAI2_IRQHandler
                0x0000000008002dec                USART6_IRQHandler
                0x0000000008002dec                USART3_IRQHandler
                0x0000000008002dec                CAN1_RX1_IRQHandler
                0x0000000008002dec                UART5_IRQHandler
                0x0000000008002dec                DMA2_Stream0_IRQHandler
                0x0000000008002dec                TIM4_IRQHandler
                0x0000000008002dec                QUADSPI_IRQHandler
                0x0000000008002dec                I2C1_EV_IRQHandler
                0x0000000008002dec                DMA1_Stream6_IRQHandler
                0x0000000008002dec                DMA1_Stream1_IRQHandler
                0x0000000008002dec                UART4_IRQHandler
                0x0000000008002dec                TIM3_IRQHandler
                0x0000000008002dec                RCC_IRQHandler
                0x0000000008002dec                TIM8_BRK_TIM12_IRQHandler
                0x0000000008002dec                Default_Handler
                0x0000000008002dec                CEC_IRQHandler
                0x0000000008002dec                EXTI15_10_IRQHandler
                0x0000000008002dec                ADC_IRQHandler
                0x0000000008002dec                DMA1_Stream7_IRQHandler
                0x0000000008002dec                SPI5_IRQHandler
                0x0000000008002dec                TIM7_IRQHandler
                0x0000000008002dec                SDMMC1_IRQHandler
                0x0000000008002dec                CAN2_TX_IRQHandler
                0x0000000008002dec                TIM5_IRQHandler
                0x0000000008002dec                DMA2_Stream7_IRQHandler
                0x0000000008002dec                I2C3_EV_IRQHandler
                0x0000000008002dec                EXTI9_5_IRQHandler
                0x0000000008002dec                RTC_WKUP_IRQHandler
                0x0000000008002dec                ETH_WKUP_IRQHandler
                0x0000000008002dec                SPDIF_RX_IRQHandler
                0x0000000008002dec                SPI2_IRQHandler
                0x0000000008002dec                OTG_HS_EP1_IN_IRQHandler
                0x0000000008002dec                DMA1_Stream0_IRQHandler
                0x0000000008002dec                CAN1_TX_IRQHandler
                0x0000000008002dec                EXTI4_IRQHandler
                0x0000000008002dec                RNG_IRQHandler
                0x0000000008002dec                ETH_IRQHandler
                0x0000000008002dec                OTG_HS_EP1_OUT_IRQHandler
                0x0000000008002dec                WWDG_IRQHandler
                0x0000000008002dec                SPI6_IRQHandler
                0x0000000008002dec                I2C4_EV_IRQHandler
                0x0000000008002dec                TIM2_IRQHandler
                0x0000000008002dec                OTG_FS_WKUP_IRQHandler
                0x0000000008002dec                TIM1_TRG_COM_TIM11_IRQHandler
                0x0000000008002dec                OTG_HS_IRQHandler
                0x0000000008002dec                EXTI1_IRQHandler
                0x0000000008002dec                UART7_IRQHandler
                0x0000000008002dec                USART2_IRQHandler
                0x0000000008002dec                I2C2_ER_IRQHandler
                0x0000000008002dec                DMA2_Stream1_IRQHandler
                0x0000000008002dec                CAN1_SCE_IRQHandler
                0x0000000008002dec                FLASH_IRQHandler
                0x0000000008002dec                DMA2_Stream4_IRQHandler
                0x0000000008002dec                USART1_IRQHandler
                0x0000000008002dec                OTG_FS_IRQHandler
                0x0000000008002dec                SPI3_IRQHandler
                0x0000000008002dec                DMA1_Stream4_IRQHandler
                0x0000000008002dec                I2C1_ER_IRQHandler
                0x0000000008002dec                FMC_IRQHandler
                0x0000000008002dec                LPTIM1_IRQHandler
                0x0000000008002dec                I2C4_ER_IRQHandler
                0x0000000008002dec                DMA2_Stream6_IRQHandler
                0x0000000008002dec                SAI1_IRQHandler
                0x0000000008002dec                DMA1_Stream3_IRQHandler
 .text.ft5336_Init
                0x0000000008002dee       0x1c Drivers/BSP/Components/ft5336/ft5336.o
                0x0000000008002dee                ft5336_Init
 .text.ft5336_Reset
                0x0000000008002e0a       0x16 Drivers/BSP/Components/ft5336/ft5336.o
                0x0000000008002e0a                ft5336_Reset
 .text.ft5336_ReadID
                0x0000000008002e20       0x5c Drivers/BSP/Components/ft5336/ft5336.o
                0x0000000008002e20                ft5336_ReadID
 .text.ft5336_TS_Start
                0x0000000008002e7c       0x22 Drivers/BSP/Components/ft5336/ft5336.o
                0x0000000008002e7c                ft5336_TS_Start
 *fill*         0x0000000008002e9e        0x2 
 .text.ft5336_TS_DetectTouch
                0x0000000008002ea0       0x54 Drivers/BSP/Components/ft5336/ft5336.o
                0x0000000008002ea0                ft5336_TS_DetectTouch
 .text.ft5336_TS_GetXY
                0x0000000008002ef4      0x1e0 Drivers/BSP/Components/ft5336/ft5336.o
                0x0000000008002ef4                ft5336_TS_GetXY
 .text.ft5336_TS_EnableIT
                0x00000000080030d4       0x28 Drivers/BSP/Components/ft5336/ft5336.o
                0x00000000080030d4                ft5336_TS_EnableIT
 .text.ft5336_TS_DisableIT
                0x00000000080030fc       0x28 Drivers/BSP/Components/ft5336/ft5336.o
                0x00000000080030fc                ft5336_TS_DisableIT
 .text.ft5336_TS_ITStatus
                0x0000000008003124       0x18 Drivers/BSP/Components/ft5336/ft5336.o
                0x0000000008003124                ft5336_TS_ITStatus
 .text.ft5336_TS_ClearIT
                0x000000000800313c       0x16 Drivers/BSP/Components/ft5336/ft5336.o
                0x000000000800313c                ft5336_TS_ClearIT
 .text.ft5336_TS_GetGestureID
                0x0000000008003152       0x32 Drivers/BSP/Components/ft5336/ft5336.o
                0x0000000008003152                ft5336_TS_GetGestureID
 .text.ft5336_TS_GetTouchInfo
                0x0000000008003184      0x15c Drivers/BSP/Components/ft5336/ft5336.o
                0x0000000008003184                ft5336_TS_GetTouchInfo
 .text.ft5336_Get_I2C_InitializedStatus
                0x00000000080032e0       0x18 Drivers/BSP/Components/ft5336/ft5336.o
 .text.ft5336_I2C_InitializeIfRequired
                0x00000000080032f8       0x20 Drivers/BSP/Components/ft5336/ft5336.o
 .text.ft5336_TS_Configure
                0x0000000008003318       0x1c Drivers/BSP/Components/ft5336/ft5336.o
 .text.I2Cx_MspInit
                0x0000000008003334      0x160 Drivers/BSP/STM32746G-Discovery/stm32746g_discovery.o
 .text.I2Cx_Init
                0x0000000008003494       0x78 Drivers/BSP/STM32746G-Discovery/stm32746g_discovery.o
 .text.I2Cx_ReadMultiple
                0x000000000800350c       0x5a Drivers/BSP/STM32746G-Discovery/stm32746g_discovery.o
 .text.I2Cx_WriteMultiple
                0x0000000008003566       0x5a Drivers/BSP/STM32746G-Discovery/stm32746g_discovery.o
 .text.I2Cx_Error
                0x00000000080035c0       0x20 Drivers/BSP/STM32746G-Discovery/stm32746g_discovery.o
 .text.TS_IO_Init
                0x00000000080035e0       0x14 Drivers/BSP/STM32746G-Discovery/stm32746g_discovery.o
                0x00000000080035e0                TS_IO_Init
 .text.TS_IO_Write
                0x00000000080035f4       0x34 Drivers/BSP/STM32746G-Discovery/stm32746g_discovery.o
                0x00000000080035f4                TS_IO_Write
 .text.TS_IO_Read
                0x0000000008003628       0x3c Drivers/BSP/STM32746G-Discovery/stm32746g_discovery.o
                0x0000000008003628                TS_IO_Read
 .text.TS_IO_Delay
                0x0000000008003664       0x16 Drivers/BSP/STM32746G-Discovery/stm32746g_discovery.o
                0x0000000008003664                TS_IO_Delay
 *fill*         0x000000000800367a        0x2 
 .text.BSP_LCD_Init
                0x000000000800367c       0xe0 Drivers/BSP/STM32746G-Discovery/stm32746g_discovery_lcd.o
                0x000000000800367c                BSP_LCD_Init
 .text.BSP_LCD_GetXSize
                0x000000000800375c       0x28 Drivers/BSP/STM32746G-Discovery/stm32746g_discovery_lcd.o
                0x000000000800375c                BSP_LCD_GetXSize
 .text.BSP_LCD_GetYSize
                0x0000000008003784       0x28 Drivers/BSP/STM32746G-Discovery/stm32746g_discovery_lcd.o
                0x0000000008003784                BSP_LCD_GetYSize
 .text.BSP_LCD_LayerDefaultInit
                0x00000000080037ac       0xc0 Drivers/BSP/STM32746G-Discovery/stm32746g_discovery_lcd.o
                0x00000000080037ac                BSP_LCD_LayerDefaultInit
 .text.BSP_LCD_SelectLayer
                0x000000000800386c       0x20 Drivers/BSP/STM32746G-Discovery/stm32746g_discovery_lcd.o
                0x000000000800386c                BSP_LCD_SelectLayer
 .text.BSP_LCD_SetTextColor
                0x000000000800388c       0x30 Drivers/BSP/STM32746G-Discovery/stm32746g_discovery_lcd.o
                0x000000000800388c                BSP_LCD_SetTextColor
 .text.BSP_LCD_SetBackColor
                0x00000000080038bc       0x34 Drivers/BSP/STM32746G-Discovery/stm32746g_discovery_lcd.o
                0x00000000080038bc                BSP_LCD_SetBackColor
 .text.BSP_LCD_SetFont
                0x00000000080038f0       0x34 Drivers/BSP/STM32746G-Discovery/stm32746g_discovery_lcd.o
                0x00000000080038f0                BSP_LCD_SetFont
 .text.BSP_LCD_GetFont
                0x0000000008003924       0x2c Drivers/BSP/STM32746G-Discovery/stm32746g_discovery_lcd.o
                0x0000000008003924                BSP_LCD_GetFont
 .text.BSP_LCD_Clear
                0x0000000008003950       0x50 Drivers/BSP/STM32746G-Discovery/stm32746g_discovery_lcd.o
                0x0000000008003950                BSP_LCD_Clear
 .text.BSP_LCD_DisplayChar
                0x00000000080039a0       0x88 Drivers/BSP/STM32746G-Discovery/stm32746g_discovery_lcd.o
                0x00000000080039a0                BSP_LCD_DisplayChar
 .text.BSP_LCD_DisplayStringAt
                0x0000000008003a28      0x188 Drivers/BSP/STM32746G-Discovery/stm32746g_discovery_lcd.o
                0x0000000008003a28                BSP_LCD_DisplayStringAt
 .text.BSP_LCD_DisplayStringAtLine
                0x0000000008003bb0       0x2e Drivers/BSP/STM32746G-Discovery/stm32746g_discovery_lcd.o
                0x0000000008003bb0                BSP_LCD_DisplayStringAtLine
 *fill*         0x0000000008003bde        0x2 
 .text.BSP_LCD_DrawPixel
                0x0000000008003be0       0x90 Drivers/BSP/STM32746G-Discovery/stm32746g_discovery_lcd.o
                0x0000000008003be0                BSP_LCD_DrawPixel
 .text.BSP_LCD_MspInit
                0x0000000008003c70      0x1b4 Drivers/BSP/STM32746G-Discovery/stm32746g_discovery_lcd.o
                0x0000000008003c70                BSP_LCD_MspInit
 .text.BSP_LCD_ClockConfig
                0x0000000008003e24       0x38 Drivers/BSP/STM32746G-Discovery/stm32746g_discovery_lcd.o
                0x0000000008003e24                BSP_LCD_ClockConfig
 .text.DrawChar
                0x0000000008003e5c      0x170 Drivers/BSP/STM32746G-Discovery/stm32746g_discovery_lcd.o
 .text.LL_FillBuffer
                0x0000000008003fcc       0x98 Drivers/BSP/STM32746G-Discovery/stm32746g_discovery_lcd.o
 .text.BSP_SDRAM_Init
                0x0000000008004064       0xbc Drivers/BSP/STM32746G-Discovery/stm32746g_discovery_sdram.o
                0x0000000008004064                BSP_SDRAM_Init
 .text.BSP_SDRAM_Initialization_sequence
                0x0000000008004120       0xc0 Drivers/BSP/STM32746G-Discovery/stm32746g_discovery_sdram.o
                0x0000000008004120                BSP_SDRAM_Initialization_sequence
 .text.BSP_SDRAM_MspInit
                0x00000000080041e0      0x1f0 Drivers/BSP/STM32746G-Discovery/stm32746g_discovery_sdram.o
                0x00000000080041e0                BSP_SDRAM_MspInit
 .text.BSP_TS_Init
                0x00000000080043d0       0x80 Drivers/BSP/STM32746G-Discovery/stm32746g_discovery_ts.o
                0x00000000080043d0                BSP_TS_Init
 .text.BSP_TS_GetState
                0x0000000008004450      0x3ac Drivers/BSP/STM32746G-Discovery/stm32746g_discovery_ts.o
                0x0000000008004450                BSP_TS_GetState
 .text.BSP_TS_Get_GestureId
                0x00000000080047fc       0x94 Drivers/BSP/STM32746G-Discovery/stm32746g_discovery_ts.o
                0x00000000080047fc                BSP_TS_Get_GestureId
 .text.HAL_Init
                0x0000000008004890       0x1a Drivers/STM32F7xx_HAL_Driver/Src/stm32f7xx_hal.o
                0x0000000008004890                HAL_Init
 *fill*         0x00000000080048aa        0x2 
 .text.HAL_IncTick
                0x00000000080048ac       0x28 Drivers/STM32F7xx_HAL_Driver/Src/stm32f7xx_hal.o
                0x00000000080048ac                HAL_IncTick
 .text.HAL_GetTick
                0x00000000080048d4       0x18 Drivers/STM32F7xx_HAL_Driver/Src/stm32f7xx_hal.o
                0x00000000080048d4                HAL_GetTick
 .text.HAL_Delay
                0x00000000080048ec       0x44 Drivers/STM32F7xx_HAL_Driver/Src/stm32f7xx_hal.o
                0x00000000080048ec                HAL_Delay
 .text.HAL_ADC_Init
                0x0000000008004930       0x88 Drivers/STM32F7xx_HAL_Driver/Src/stm32f7xx_hal_adc.o
                0x0000000008004930                HAL_ADC_Init
 .text.HAL_ADC_ConfigChannel
                0x00000000080049b8      0x294 Drivers/STM32F7xx_HAL_Driver/Src/stm32f7xx_hal_adc.o
                0x00000000080049b8                HAL_ADC_ConfigChannel
 .text.ADC_Init
                0x0000000008004c4c      0x1f4 Drivers/STM32F7xx_HAL_Driver/Src/stm32f7xx_hal_adc.o
 .text.__NVIC_SetPriorityGrouping
                0x0000000008004e40       0x48 Drivers/STM32F7xx_HAL_Driver/Src/stm32f7xx_hal_cortex.o
 .text.__NVIC_GetPriorityGrouping
                0x0000000008004e88       0x1c Drivers/STM32F7xx_HAL_Driver/Src/stm32f7xx_hal_cortex.o
 .text.__NVIC_EnableIRQ
                0x0000000008004ea4       0x3c Drivers/STM32F7xx_HAL_Driver/Src/stm32f7xx_hal_cortex.o
 .text.__NVIC_SetPriority
                0x0000000008004ee0       0x54 Drivers/STM32F7xx_HAL_Driver/Src/stm32f7xx_hal_cortex.o
 .text.NVIC_EncodePriority
                0x0000000008004f34       0x66 Drivers/STM32F7xx_HAL_Driver/Src/stm32f7xx_hal_cortex.o
 .text.HAL_NVIC_SetPriorityGrouping
                0x0000000008004f9a       0x16 Drivers/STM32F7xx_HAL_Driver/Src/stm32f7xx_hal_cortex.o
                0x0000000008004f9a                HAL_NVIC_SetPriorityGrouping
 .text.HAL_NVIC_SetPriority
                0x0000000008004fb0       0x38 Drivers/STM32F7xx_HAL_Driver/Src/stm32f7xx_hal_cortex.o
                0x0000000008004fb0                HAL_NVIC_SetPriority
 .text.HAL_NVIC_EnableIRQ
                0x0000000008004fe8       0x1c Drivers/STM32F7xx_HAL_Driver/Src/stm32f7xx_hal_cortex.o
                0x0000000008004fe8                HAL_NVIC_EnableIRQ
 .text.HAL_DCMI_Init
                0x0000000008005004       0xf4 Drivers/STM32F7xx_HAL_Driver/Src/stm32f7xx_hal_dcmi.o
                0x0000000008005004                HAL_DCMI_Init
 .text.HAL_DMA_Init
                0x00000000080050f8      0x15c Drivers/STM32F7xx_HAL_Driver/Src/stm32f7xx_hal_dma.o
                0x00000000080050f8                HAL_DMA_Init
 .text.HAL_DMA_DeInit
                0x0000000008005254       0xbc Drivers/STM32F7xx_HAL_Driver/Src/stm32f7xx_hal_dma.o
                0x0000000008005254                HAL_DMA_DeInit
 .text.DMA_CalcBaseAndBitshift
                0x0000000008005310       0x6c Drivers/STM32F7xx_HAL_Driver/Src/stm32f7xx_hal_dma.o
 .text.DMA_CheckFifoParam
                0x000000000800537c       0xf4 Drivers/STM32F7xx_HAL_Driver/Src/stm32f7xx_hal_dma.o
 .text.HAL_DMA2D_Init
                0x0000000008005470       0x94 Drivers/STM32F7xx_HAL_Driver/Src/stm32f7xx_hal_dma2d.o
                0x0000000008005470                HAL_DMA2D_Init
 .text.HAL_DMA2D_Start
                0x0000000008005504       0x56 Drivers/STM32F7xx_HAL_Driver/Src/stm32f7xx_hal_dma2d.o
                0x0000000008005504                HAL_DMA2D_Start
 .text.HAL_DMA2D_PollForTransfer
                0x000000000800555a      0x1d2 Drivers/STM32F7xx_HAL_Driver/Src/stm32f7xx_hal_dma2d.o
                0x000000000800555a                HAL_DMA2D_PollForTransfer
 .text.HAL_DMA2D_IRQHandler
                0x000000000800572c      0x1f8 Drivers/STM32F7xx_HAL_Driver/Src/stm32f7xx_hal_dma2d.o
                0x000000000800572c                HAL_DMA2D_IRQHandler
 .text.HAL_DMA2D_LineEventCallback
                0x0000000008005924       0x14 Drivers/STM32F7xx_HAL_Driver/Src/stm32f7xx_hal_dma2d.o
                0x0000000008005924                HAL_DMA2D_LineEventCallback
 .text.HAL_DMA2D_CLUTLoadingCpltCallback
                0x0000000008005938       0x14 Drivers/STM32F7xx_HAL_Driver/Src/stm32f7xx_hal_dma2d.o
                0x0000000008005938                HAL_DMA2D_CLUTLoadingCpltCallback
 .text.HAL_DMA2D_ConfigLayer
                0x000000000800594c      0x124 Drivers/STM32F7xx_HAL_Driver/Src/stm32f7xx_hal_dma2d.o
                0x000000000800594c                HAL_DMA2D_ConfigLayer
 .text.DMA2D_SetConfig
                0x0000000008005a70      0x138 Drivers/STM32F7xx_HAL_Driver/Src/stm32f7xx_hal_dma2d.o
 .text.HAL_GPIO_Init
                0x0000000008005ba8      0x354 Drivers/STM32F7xx_HAL_Driver/Src/stm32f7xx_hal_gpio.o
                0x0000000008005ba8                HAL_GPIO_Init
 .text.HAL_GPIO_DeInit
                0x0000000008005efc      0x214 Drivers/STM32F7xx_HAL_Driver/Src/stm32f7xx_hal_gpio.o
                0x0000000008005efc                HAL_GPIO_DeInit
 .text.HAL_GPIO_WritePin
                0x0000000008006110       0x32 Drivers/STM32F7xx_HAL_Driver/Src/stm32f7xx_hal_gpio.o
                0x0000000008006110                HAL_GPIO_WritePin
 *fill*         0x0000000008006142        0x2 
 .text.HAL_I2C_Init
                0x0000000008006144      0x120 Drivers/STM32F7xx_HAL_Driver/Src/stm32f7xx_hal_i2c.o
                0x0000000008006144                HAL_I2C_Init
 .text.HAL_I2C_DeInit
                0x0000000008006264       0x5e Drivers/STM32F7xx_HAL_Driver/Src/stm32f7xx_hal_i2c.o
                0x0000000008006264                HAL_I2C_DeInit
 *fill*         0x00000000080062c2        0x2 
 .text.HAL_I2C_Mem_Write
                0x00000000080062c4      0x228 Drivers/STM32F7xx_HAL_Driver/Src/stm32f7xx_hal_i2c.o
                0x00000000080062c4                HAL_I2C_Mem_Write
 .text.HAL_I2C_Mem_Read
                0x00000000080064ec      0x234 Drivers/STM32F7xx_HAL_Driver/Src/stm32f7xx_hal_i2c.o
                0x00000000080064ec                HAL_I2C_Mem_Read
 .text.HAL_I2C_GetState
                0x0000000008006720       0x1c Drivers/STM32F7xx_HAL_Driver/Src/stm32f7xx_hal_i2c.o
                0x0000000008006720                HAL_I2C_GetState
 .text.I2C_RequestMemoryWrite
                0x000000000800673c       0xa8 Drivers/STM32F7xx_HAL_Driver/Src/stm32f7xx_hal_i2c.o
 .text.I2C_RequestMemoryRead
                0x00000000080067e4       0xa8 Drivers/STM32F7xx_HAL_Driver/Src/stm32f7xx_hal_i2c.o
 .text.I2C_Flush_TXDR
                0x000000000800688c       0x48 Drivers/STM32F7xx_HAL_Driver/Src/stm32f7xx_hal_i2c.o
 .text.I2C_WaitOnFlagUntilTimeout
                0x00000000080068d4       0x80 Drivers/STM32F7xx_HAL_Driver/Src/stm32f7xx_hal_i2c.o
 .text.I2C_WaitOnTXISFlagUntilTimeout
                0x0000000008006954       0x80 Drivers/STM32F7xx_HAL_Driver/Src/stm32f7xx_hal_i2c.o
 .text.I2C_WaitOnSTOPFlagUntilTimeout
                0x00000000080069d4       0x78 Drivers/STM32F7xx_HAL_Driver/Src/stm32f7xx_hal_i2c.o
 .text.I2C_IsAcknowledgeFailed
                0x0000000008006a4c       0xcc Drivers/STM32F7xx_HAL_Driver/Src/stm32f7xx_hal_i2c.o
 .text.I2C_TransferConfig
                0x0000000008006b18       0x5c Drivers/STM32F7xx_HAL_Driver/Src/stm32f7xx_hal_i2c.o
 .text.HAL_I2CEx_ConfigAnalogFilter
                0x0000000008006b74       0x96 Drivers/STM32F7xx_HAL_Driver/Src/stm32f7xx_hal_i2c_ex.o
                0x0000000008006b74                HAL_I2CEx_ConfigAnalogFilter
 .text.HAL_I2CEx_ConfigDigitalFilter
                0x0000000008006c0a       0x98 Drivers/STM32F7xx_HAL_Driver/Src/stm32f7xx_hal_i2c_ex.o
                0x0000000008006c0a                HAL_I2CEx_ConfigDigitalFilter
 *fill*         0x0000000008006ca2        0x2 
 .text.HAL_LTDC_Init
                0x0000000008006ca4      0x1a0 Drivers/STM32F7xx_HAL_Driver/Src/stm32f7xx_hal_ltdc.o
                0x0000000008006ca4                HAL_LTDC_Init
 .text.HAL_LTDC_IRQHandler
                0x0000000008006e44      0x148 Drivers/STM32F7xx_HAL_Driver/Src/stm32f7xx_hal_ltdc.o
                0x0000000008006e44                HAL_LTDC_IRQHandler
 .text.HAL_LTDC_ErrorCallback
                0x0000000008006f8c       0x14 Drivers/STM32F7xx_HAL_Driver/Src/stm32f7xx_hal_ltdc.o
                0x0000000008006f8c                HAL_LTDC_ErrorCallback
 .text.HAL_LTDC_LineEventCallback
                0x0000000008006fa0       0x14 Drivers/STM32F7xx_HAL_Driver/Src/stm32f7xx_hal_ltdc.o
                0x0000000008006fa0                HAL_LTDC_LineEventCallback
 .text.HAL_LTDC_ReloadEventCallback
                0x0000000008006fb4       0x14 Drivers/STM32F7xx_HAL_Driver/Src/stm32f7xx_hal_ltdc.o
                0x0000000008006fb4                HAL_LTDC_ReloadEventCallback
 .text.HAL_LTDC_ConfigLayer
                0x0000000008006fc8       0x7c Drivers/STM32F7xx_HAL_Driver/Src/stm32f7xx_hal_ltdc.o
                0x0000000008006fc8                HAL_LTDC_ConfigLayer
 .text.HAL_LTDC_GetState
                0x0000000008007044       0x1c Drivers/STM32F7xx_HAL_Driver/Src/stm32f7xx_hal_ltdc.o
                0x0000000008007044                HAL_LTDC_GetState
 .text.LTDC_SetConfig
                0x0000000008007060      0x334 Drivers/STM32F7xx_HAL_Driver/Src/stm32f7xx_hal_ltdc.o
 .text.HAL_PWR_EnableBkUpAccess
                0x0000000008007394       0x20 Drivers/STM32F7xx_HAL_Driver/Src/stm32f7xx_hal_pwr.o
                0x0000000008007394                HAL_PWR_EnableBkUpAccess
 .text.HAL_PWREx_EnableOverDrive
                0x00000000080073b4       0xa0 Drivers/STM32F7xx_HAL_Driver/Src/stm32f7xx_hal_pwr_ex.o
                0x00000000080073b4                HAL_PWREx_EnableOverDrive
 .text.HAL_QSPI_Init
                0x0000000008007454       0xf8 Drivers/STM32F7xx_HAL_Driver/Src/stm32f7xx_hal_qspi.o
                0x0000000008007454                HAL_QSPI_Init
 .text.HAL_QSPI_SetTimeout
                0x000000000800754c       0x1c Drivers/STM32F7xx_HAL_Driver/Src/stm32f7xx_hal_qspi.o
                0x000000000800754c                HAL_QSPI_SetTimeout
 .text.QSPI_WaitFlagStateUntilTimeout
                0x0000000008007568       0x6e Drivers/STM32F7xx_HAL_Driver/Src/stm32f7xx_hal_qspi.o
 *fill*         0x00000000080075d6        0x2 
 .text.HAL_RCC_OscConfig
                0x00000000080075d8      0x548 Drivers/STM32F7xx_HAL_Driver/Src/stm32f7xx_hal_rcc.o
                0x00000000080075d8                HAL_RCC_OscConfig
 .text.HAL_RCC_ClockConfig
                0x0000000008007b20      0x1d8 Drivers/STM32F7xx_HAL_Driver/Src/stm32f7xx_hal_rcc.o
                0x0000000008007b20                HAL_RCC_ClockConfig
 .text.HAL_RCC_GetSysClockFreq
                0x0000000008007cf8      0x164 Drivers/STM32F7xx_HAL_Driver/Src/stm32f7xx_hal_rcc.o
                0x0000000008007cf8                HAL_RCC_GetSysClockFreq
 .text.HAL_RCC_GetHCLKFreq
                0x0000000008007e5c       0x18 Drivers/STM32F7xx_HAL_Driver/Src/stm32f7xx_hal_rcc.o
                0x0000000008007e5c                HAL_RCC_GetHCLKFreq
 .text.HAL_RCC_GetPCLK1Freq
                0x0000000008007e74       0x28 Drivers/STM32F7xx_HAL_Driver/Src/stm32f7xx_hal_rcc.o
                0x0000000008007e74                HAL_RCC_GetPCLK1Freq
 .text.HAL_RCC_GetPCLK2Freq
                0x0000000008007e9c       0x28 Drivers/STM32F7xx_HAL_Driver/Src/stm32f7xx_hal_rcc.o
                0x0000000008007e9c                HAL_RCC_GetPCLK2Freq
 .text.HAL_RCC_GetClockConfig
                0x0000000008007ec4       0x64 Drivers/STM32F7xx_HAL_Driver/Src/stm32f7xx_hal_rcc.o
                0x0000000008007ec4                HAL_RCC_GetClockConfig
 .text.HAL_RCCEx_PeriphCLKConfig
                0x0000000008007f28      0x7dc Drivers/STM32F7xx_HAL_Driver/Src/stm32f7xx_hal_rcc_ex.o
                0x0000000008007f28                HAL_RCCEx_PeriphCLKConfig
 .text.HAL_RCCEx_GetPeriphCLKFreq
                0x0000000008008704      0x268 Drivers/STM32F7xx_HAL_Driver/Src/stm32f7xx_hal_rcc_ex.o
                0x0000000008008704                HAL_RCCEx_GetPeriphCLKFreq
 .text.HAL_RTC_Init
                0x000000000800896c       0xf8 Drivers/STM32F7xx_HAL_Driver/Src/stm32f7xx_hal_rtc.o
                0x000000000800896c                HAL_RTC_Init
 .text.HAL_RTC_SetTime
                0x0000000008008a64      0x17c Drivers/STM32F7xx_HAL_Driver/Src/stm32f7xx_hal_rtc.o
                0x0000000008008a64                HAL_RTC_SetTime
 .text.HAL_RTC_SetDate
                0x0000000008008be0      0x150 Drivers/STM32F7xx_HAL_Driver/Src/stm32f7xx_hal_rtc.o
                0x0000000008008be0                HAL_RTC_SetDate
 .text.HAL_RTC_SetAlarm
                0x0000000008008d30      0x230 Drivers/STM32F7xx_HAL_Driver/Src/stm32f7xx_hal_rtc.o
                0x0000000008008d30                HAL_RTC_SetAlarm
 .text.HAL_RTC_WaitForSynchro
                0x0000000008008f60       0x50 Drivers/STM32F7xx_HAL_Driver/Src/stm32f7xx_hal_rtc.o
                0x0000000008008f60                HAL_RTC_WaitForSynchro
 .text.RTC_EnterInitMode
                0x0000000008008fb0       0x58 Drivers/STM32F7xx_HAL_Driver/Src/stm32f7xx_hal_rtc.o
                0x0000000008008fb0                RTC_EnterInitMode
 .text.RTC_ByteToBcd2
                0x0000000008009008       0x3c Drivers/STM32F7xx_HAL_Driver/Src/stm32f7xx_hal_rtc.o
                0x0000000008009008                RTC_ByteToBcd2
 .text.HAL_RTCEx_SetTimeStamp
                0x0000000008009044       0xac Drivers/STM32F7xx_HAL_Driver/Src/stm32f7xx_hal_rtc_ex.o
                0x0000000008009044                HAL_RTCEx_SetTimeStamp
 .text.HAL_SAI_Init
                0x00000000080090f0      0x2e4 Drivers/STM32F7xx_HAL_Driver/Src/stm32f7xx_hal_sai.o
                0x00000000080090f0                HAL_SAI_Init
 .text.SAI_Disable
                0x00000000080093d4       0x6c Drivers/STM32F7xx_HAL_Driver/Src/stm32f7xx_hal_sai.o
 .text.HAL_SD_Init
                0x0000000008009440       0x60 Drivers/STM32F7xx_HAL_Driver/Src/stm32f7xx_hal_sd.o
                0x0000000008009440                HAL_SD_Init
 .text.HAL_SD_InitCard
                0x00000000080094a0       0xd0 Drivers/STM32F7xx_HAL_Driver/Src/stm32f7xx_hal_sd.o
                0x00000000080094a0                HAL_SD_InitCard
 .text.HAL_SD_GetCardCSD
                0x0000000008009570      0x348 Drivers/STM32F7xx_HAL_Driver/Src/stm32f7xx_hal_sd.o
                0x0000000008009570                HAL_SD_GetCardCSD
 .text.HAL_SD_ConfigWideBusOperation
                0x00000000080098b8       0xf8 Drivers/STM32F7xx_HAL_Driver/Src/stm32f7xx_hal_sd.o
                0x00000000080098b8                HAL_SD_ConfigWideBusOperation
 .text.SD_InitCard
                0x00000000080099b0      0x19a Drivers/STM32F7xx_HAL_Driver/Src/stm32f7xx_hal_sd.o
 *fill*         0x0000000008009b4a        0x2 
 .text.SD_PowerON
                0x0000000008009b4c      0x11c Drivers/STM32F7xx_HAL_Driver/Src/stm32f7xx_hal_sd.o
 .text.SD_WideBus_Enable
                0x0000000008009c68       0x96 Drivers/STM32F7xx_HAL_Driver/Src/stm32f7xx_hal_sd.o
 .text.SD_WideBus_Disable
                0x0000000008009cfe       0x96 Drivers/STM32F7xx_HAL_Driver/Src/stm32f7xx_hal_sd.o
 .text.SD_FindSCR
                0x0000000008009d94      0x194 Drivers/STM32F7xx_HAL_Driver/Src/stm32f7xx_hal_sd.o
 .text.HAL_SDRAM_Init
                0x0000000008009f28       0x68 Drivers/STM32F7xx_HAL_Driver/Src/stm32f7xx_hal_sdram.o
                0x0000000008009f28                HAL_SDRAM_Init
 .text.HAL_SDRAM_SendCommand
                0x0000000008009f90       0x56 Drivers/STM32F7xx_HAL_Driver/Src/stm32f7xx_hal_sdram.o
                0x0000000008009f90                HAL_SDRAM_SendCommand
 .text.HAL_SDRAM_ProgramRefreshRate
                0x0000000008009fe6       0x40 Drivers/STM32F7xx_HAL_Driver/Src/stm32f7xx_hal_sdram.o
                0x0000000008009fe6                HAL_SDRAM_ProgramRefreshRate
 *fill*         0x000000000800a026        0x2 
 .text.HAL_SPDIFRX_Init
                0x000000000800a028       0xb8 Drivers/STM32F7xx_HAL_Driver/Src/stm32f7xx_hal_spdifrx.o
                0x000000000800a028                HAL_SPDIFRX_Init
 .text.HAL_SPI_Init
                0x000000000800a0e0      0x124 Drivers/STM32F7xx_HAL_Driver/Src/stm32f7xx_hal_spi.o
                0x000000000800a0e0                HAL_SPI_Init
 .text.HAL_TIM_Base_Init
                0x000000000800a204       0x56 Drivers/STM32F7xx_HAL_Driver/Src/stm32f7xx_hal_tim.o
                0x000000000800a204                HAL_TIM_Base_Init
 *fill*         0x000000000800a25a        0x2 
 .text.HAL_TIM_Base_Start_IT
                0x000000000800a25c       0x54 Drivers/STM32F7xx_HAL_Driver/Src/stm32f7xx_hal_tim.o
                0x000000000800a25c                HAL_TIM_Base_Start_IT
 .text.HAL_TIM_PWM_Init
                0x000000000800a2b0       0x56 Drivers/STM32F7xx_HAL_Driver/Src/stm32f7xx_hal_tim.o
                0x000000000800a2b0                HAL_TIM_PWM_Init
 .text.HAL_TIM_IRQHandler
                0x000000000800a306      0x23e Drivers/STM32F7xx_HAL_Driver/Src/stm32f7xx_hal_tim.o
                0x000000000800a306                HAL_TIM_IRQHandler
 .text.HAL_TIM_PWM_ConfigChannel
                0x000000000800a544      0x230 Drivers/STM32F7xx_HAL_Driver/Src/stm32f7xx_hal_tim.o
                0x000000000800a544                HAL_TIM_PWM_ConfigChannel
 .text.HAL_TIM_ConfigClockSource
                0x000000000800a774      0x174 Drivers/STM32F7xx_HAL_Driver/Src/stm32f7xx_hal_tim.o
                0x000000000800a774                HAL_TIM_ConfigClockSource
 .text.HAL_TIM_OC_DelayElapsedCallback
                0x000000000800a8e8       0x14 Drivers/STM32F7xx_HAL_Driver/Src/stm32f7xx_hal_tim.o
                0x000000000800a8e8                HAL_TIM_OC_DelayElapsedCallback
 .text.HAL_TIM_IC_CaptureCallback
                0x000000000800a8fc       0x14 Drivers/STM32F7xx_HAL_Driver/Src/stm32f7xx_hal_tim.o
                0x000000000800a8fc                HAL_TIM_IC_CaptureCallback
 .text.HAL_TIM_PWM_PulseFinishedCallback
                0x000000000800a910       0x14 Drivers/STM32F7xx_HAL_Driver/Src/stm32f7xx_hal_tim.o
                0x000000000800a910                HAL_TIM_PWM_PulseFinishedCallback
 .text.HAL_TIM_TriggerCallback
                0x000000000800a924       0x14 Drivers/STM32F7xx_HAL_Driver/Src/stm32f7xx_hal_tim.o
                0x000000000800a924                HAL_TIM_TriggerCallback
 .text.TIM_Base_SetConfig
                0x000000000800a938      0x140 Drivers/STM32F7xx_HAL_Driver/Src/stm32f7xx_hal_tim.o
                0x000000000800a938                TIM_Base_SetConfig
 .text.TIM_OC1_SetConfig
                0x000000000800aa78       0xe4 Drivers/STM32F7xx_HAL_Driver/Src/stm32f7xx_hal_tim.o
 .text.TIM_OC2_SetConfig
                0x000000000800ab5c       0xf0 Drivers/STM32F7xx_HAL_Driver/Src/stm32f7xx_hal_tim.o
                0x000000000800ab5c                TIM_OC2_SetConfig
 .text.TIM_OC3_SetConfig
                0x000000000800ac4c       0xec Drivers/STM32F7xx_HAL_Driver/Src/stm32f7xx_hal_tim.o
 .text.TIM_OC4_SetConfig
                0x000000000800ad38       0xb0 Drivers/STM32F7xx_HAL_Driver/Src/stm32f7xx_hal_tim.o
 .text.TIM_OC5_SetConfig
                0x000000000800ade8       0xa4 Drivers/STM32F7xx_HAL_Driver/Src/stm32f7xx_hal_tim.o
 .text.TIM_OC6_SetConfig
                0x000000000800ae8c       0xa8 Drivers/STM32F7xx_HAL_Driver/Src/stm32f7xx_hal_tim.o
 .text.TIM_TI1_ConfigInputStage
                0x000000000800af34       0x5e Drivers/STM32F7xx_HAL_Driver/Src/stm32f7xx_hal_tim.o
 .text.TIM_TI2_ConfigInputStage
                0x000000000800af92       0x60 Drivers/STM32F7xx_HAL_Driver/Src/stm32f7xx_hal_tim.o
 .text.TIM_ITRx_SetConfig
                0x000000000800aff2       0x36 Drivers/STM32F7xx_HAL_Driver/Src/stm32f7xx_hal_tim.o
 .text.TIM_ETR_SetConfig
                0x000000000800b028       0x40 Drivers/STM32F7xx_HAL_Driver/Src/stm32f7xx_hal_tim.o
                0x000000000800b028                TIM_ETR_SetConfig
 .text.HAL_TIMEx_MasterConfigSynchronization
                0x000000000800b068      0x11c Drivers/STM32F7xx_HAL_Driver/Src/stm32f7xx_hal_tim_ex.o
                0x000000000800b068                HAL_TIMEx_MasterConfigSynchronization
 .text.HAL_TIMEx_ConfigBreakDeadTime
                0x000000000800b184       0xfc Drivers/STM32F7xx_HAL_Driver/Src/stm32f7xx_hal_tim_ex.o
                0x000000000800b184                HAL_TIMEx_ConfigBreakDeadTime
 .text.HAL_TIMEx_CommutCallback
                0x000000000800b280       0x14 Drivers/STM32F7xx_HAL_Driver/Src/stm32f7xx_hal_tim_ex.o
                0x000000000800b280                HAL_TIMEx_CommutCallback
 .text.HAL_TIMEx_BreakCallback
                0x000000000800b294       0x14 Drivers/STM32F7xx_HAL_Driver/Src/stm32f7xx_hal_tim_ex.o
                0x000000000800b294                HAL_TIMEx_BreakCallback
 .text.HAL_TIMEx_Break2Callback
                0x000000000800b2a8       0x14 Drivers/STM32F7xx_HAL_Driver/Src/stm32f7xx_hal_tim_ex.o
                0x000000000800b2a8                HAL_TIMEx_Break2Callback
 .text.HAL_UART_Init
                0x000000000800b2bc       0x9c Drivers/STM32F7xx_HAL_Driver/Src/stm32f7xx_hal_uart.o
                0x000000000800b2bc                HAL_UART_Init
 .text.HAL_UART_Transmit
                0x000000000800b358      0x122 Drivers/STM32F7xx_HAL_Driver/Src/stm32f7xx_hal_uart.o
                0x000000000800b358                HAL_UART_Transmit
 *fill*         0x000000000800b47a        0x2 
 .text.UART_SetConfig
                0x000000000800b47c      0x554 Drivers/STM32F7xx_HAL_Driver/Src/stm32f7xx_hal_uart.o
                0x000000000800b47c                UART_SetConfig
 .text.UART_AdvFeatureConfig
                0x000000000800b9d0      0x144 Drivers/STM32F7xx_HAL_Driver/Src/stm32f7xx_hal_uart.o
                0x000000000800b9d0                UART_AdvFeatureConfig
 .text.UART_CheckIdleState
                0x000000000800bb14       0x5e Drivers/STM32F7xx_HAL_Driver/Src/stm32f7xx_hal_uart.o
                0x000000000800bb14                UART_CheckIdleState
 .text.UART_WaitOnFlagUntilTimeout
                0x000000000800bb72       0xf6 Drivers/STM32F7xx_HAL_Driver/Src/stm32f7xx_hal_uart.o
                0x000000000800bb72                UART_WaitOnFlagUntilTimeout
 .text.FMC_SDRAM_Init
                0x000000000800bc68       0xe4 Drivers/STM32F7xx_HAL_Driver/Src/stm32f7xx_ll_fmc.o
                0x000000000800bc68                FMC_SDRAM_Init
 .text.FMC_SDRAM_Timing_Init
                0x000000000800bd4c      0x100 Drivers/STM32F7xx_HAL_Driver/Src/stm32f7xx_ll_fmc.o
                0x000000000800bd4c                FMC_SDRAM_Timing_Init
 .text.FMC_SDRAM_SendCommand
                0x000000000800be4c       0x42 Drivers/STM32F7xx_HAL_Driver/Src/stm32f7xx_ll_fmc.o
                0x000000000800be4c                FMC_SDRAM_SendCommand
 .text.FMC_SDRAM_ProgramRefreshRate
                0x000000000800be8e       0x26 Drivers/STM32F7xx_HAL_Driver/Src/stm32f7xx_ll_fmc.o
                0x000000000800be8e                FMC_SDRAM_ProgramRefreshRate
 .text.SDMMC_Init
                0x000000000800beb4       0x58 Drivers/STM32F7xx_HAL_Driver/Src/stm32f7xx_ll_sdmmc.o
                0x000000000800beb4                SDMMC_Init
 .text.SDMMC_ReadFIFO
                0x000000000800bf0c       0x1a Drivers/STM32F7xx_HAL_Driver/Src/stm32f7xx_ll_sdmmc.o
                0x000000000800bf0c                SDMMC_ReadFIFO
 .text.SDMMC_PowerState_ON
                0x000000000800bf26       0x1e Drivers/STM32F7xx_HAL_Driver/Src/stm32f7xx_ll_sdmmc.o
                0x000000000800bf26                SDMMC_PowerState_ON
 .text.SDMMC_GetPowerState
                0x000000000800bf44       0x1c Drivers/STM32F7xx_HAL_Driver/Src/stm32f7xx_ll_sdmmc.o
                0x000000000800bf44                SDMMC_GetPowerState
 .text.SDMMC_SendCommand
                0x000000000800bf60       0x54 Drivers/STM32F7xx_HAL_Driver/Src/stm32f7xx_ll_sdmmc.o
                0x000000000800bf60                SDMMC_SendCommand
 .text.SDMMC_GetCommandResponse
                0x000000000800bfb4       0x1a Drivers/STM32F7xx_HAL_Driver/Src/stm32f7xx_ll_sdmmc.o
                0x000000000800bfb4                SDMMC_GetCommandResponse
 .text.SDMMC_GetResponse
                0x000000000800bfce       0x26 Drivers/STM32F7xx_HAL_Driver/Src/stm32f7xx_ll_sdmmc.o
                0x000000000800bfce                SDMMC_GetResponse
 .text.SDMMC_ConfigData
                0x000000000800bff4       0x58 Drivers/STM32F7xx_HAL_Driver/Src/stm32f7xx_ll_sdmmc.o
                0x000000000800bff4                SDMMC_ConfigData
 .text.SDMMC_CmdBlockLength
                0x000000000800c04c       0x44 Drivers/STM32F7xx_HAL_Driver/Src/stm32f7xx_ll_sdmmc.o
                0x000000000800c04c                SDMMC_CmdBlockLength
 .text.SDMMC_CmdSelDesel
                0x000000000800c090       0x46 Drivers/STM32F7xx_HAL_Driver/Src/stm32f7xx_ll_sdmmc.o
                0x000000000800c090                SDMMC_CmdSelDesel
 .text.SDMMC_CmdGoIdleState
                0x000000000800c0d6       0x3c Drivers/STM32F7xx_HAL_Driver/Src/stm32f7xx_ll_sdmmc.o
                0x000000000800c0d6                SDMMC_CmdGoIdleState
 .text.SDMMC_CmdOperCond
                0x000000000800c112       0x3e Drivers/STM32F7xx_HAL_Driver/Src/stm32f7xx_ll_sdmmc.o
                0x000000000800c112                SDMMC_CmdOperCond
 .text.SDMMC_CmdAppCommand
                0x000000000800c150       0x44 Drivers/STM32F7xx_HAL_Driver/Src/stm32f7xx_ll_sdmmc.o
                0x000000000800c150                SDMMC_CmdAppCommand
 .text.SDMMC_CmdAppOperCommand
                0x000000000800c194       0x48 Drivers/STM32F7xx_HAL_Driver/Src/stm32f7xx_ll_sdmmc.o
                0x000000000800c194                SDMMC_CmdAppOperCommand
 .text.SDMMC_CmdBusWidth
                0x000000000800c1dc       0x44 Drivers/STM32F7xx_HAL_Driver/Src/stm32f7xx_ll_sdmmc.o
                0x000000000800c1dc                SDMMC_CmdBusWidth
 .text.SDMMC_CmdSendSCR
                0x000000000800c220       0x42 Drivers/STM32F7xx_HAL_Driver/Src/stm32f7xx_ll_sdmmc.o
                0x000000000800c220                SDMMC_CmdSendSCR
 .text.SDMMC_CmdSendCID
                0x000000000800c262       0x3c Drivers/STM32F7xx_HAL_Driver/Src/stm32f7xx_ll_sdmmc.o
                0x000000000800c262                SDMMC_CmdSendCID
 .text.SDMMC_CmdSendCSD
                0x000000000800c29e       0x3e Drivers/STM32F7xx_HAL_Driver/Src/stm32f7xx_ll_sdmmc.o
                0x000000000800c29e                SDMMC_CmdSendCSD
 .text.SDMMC_CmdSetRelAdd
                0x000000000800c2dc       0x42 Drivers/STM32F7xx_HAL_Driver/Src/stm32f7xx_ll_sdmmc.o
                0x000000000800c2dc                SDMMC_CmdSetRelAdd
 *fill*         0x000000000800c31e        0x2 
 .text.SDMMC_GetCmdError
                0x000000000800c320       0x50 Drivers/STM32F7xx_HAL_Driver/Src/stm32f7xx_ll_sdmmc.o
 .text.SDMMC_GetCmdResp1
                0x000000000800c370      0x1d8 Drivers/STM32F7xx_HAL_Driver/Src/stm32f7xx_ll_sdmmc.o
 .text.SDMMC_GetCmdResp2
                0x000000000800c548       0x8c Drivers/STM32F7xx_HAL_Driver/Src/stm32f7xx_ll_sdmmc.o
 .text.SDMMC_GetCmdResp3
                0x000000000800c5d4       0x74 Drivers/STM32F7xx_HAL_Driver/Src/stm32f7xx_ll_sdmmc.o
 .text.SDMMC_GetCmdResp6
                0x000000000800c648       0xe8 Drivers/STM32F7xx_HAL_Driver/Src/stm32f7xx_ll_sdmmc.o
 .text.SDMMC_GetCmdResp7
                0x000000000800c730       0x98 Drivers/STM32F7xx_HAL_Driver/Src/stm32f7xx_ll_sdmmc.o
 .text.__errno  0x000000000800c7c8        0xc d:/st/stm32cubeide_1.4.0/stm32cubeide/plugins/com.st.stm32cube.ide.mcu.externaltools.gnu-tools-for-stm32.7-2018-q2-update.win32_1.4.0.202007081208/tools/bin/../lib/gcc/arm-none-eabi/7.3.1/../../../../arm-none-eabi/lib/thumb/v7e-m/fpv4-sp/hard\libc_nano.a(lib_a-errno.o)
                0x000000000800c7c8                __errno
 .text.__libc_init_array
                0x000000000800c7d4       0x48 d:/st/stm32cubeide_1.4.0/stm32cubeide/plugins/com.st.stm32cube.ide.mcu.externaltools.gnu-tools-for-stm32.7-2018-q2-update.win32_1.4.0.202007081208/tools/bin/../lib/gcc/arm-none-eabi/7.3.1/../../../../arm-none-eabi/lib/thumb/v7e-m/fpv4-sp/hard\libc_nano.a(lib_a-init.o)
                0x000000000800c7d4                __libc_init_array
 .text.memset   0x000000000800c81c       0x10 d:/st/stm32cubeide_1.4.0/stm32cubeide/plugins/com.st.stm32cube.ide.mcu.externaltools.gnu-tools-for-stm32.7-2018-q2-update.win32_1.4.0.202007081208/tools/bin/../lib/gcc/arm-none-eabi/7.3.1/../../../../arm-none-eabi/lib/thumb/v7e-m/fpv4-sp/hard\libc_nano.a(lib_a-memset.o)
                0x000000000800c81c                memset
 .text._puts_r  0x000000000800c82c       0xb8 d:/st/stm32cubeide_1.4.0/stm32cubeide/plugins/com.st.stm32cube.ide.mcu.externaltools.gnu-tools-for-stm32.7-2018-q2-update.win32_1.4.0.202007081208/tools/bin/../lib/gcc/arm-none-eabi/7.3.1/../../../../arm-none-eabi/lib/thumb/v7e-m/fpv4-sp/hard\libc_nano.a(lib_a-puts.o)
                0x000000000800c82c                _puts_r
 .text.puts     0x000000000800c8e4       0x10 d:/st/stm32cubeide_1.4.0/stm32cubeide/plugins/com.st.stm32cube.ide.mcu.externaltools.gnu-tools-for-stm32.7-2018-q2-update.win32_1.4.0.202007081208/tools/bin/../lib/gcc/arm-none-eabi/7.3.1/../../../../arm-none-eabi/lib/thumb/v7e-m/fpv4-sp/hard\libc_nano.a(lib_a-puts.o)
                0x000000000800c8e4                puts
 .text.sprintf  0x000000000800c8f4       0x40 d:/st/stm32cubeide_1.4.0/stm32cubeide/plugins/com.st.stm32cube.ide.mcu.externaltools.gnu-tools-for-stm32.7-2018-q2-update.win32_1.4.0.202007081208/tools/bin/../lib/gcc/arm-none-eabi/7.3.1/../../../../arm-none-eabi/lib/thumb/v7e-m/fpv4-sp/hard\libc_nano.a(lib_a-sprintf.o)
                0x000000000800c8f4                siprintf
                0x000000000800c8f4                sprintf
 .text.__swbuf_r
                0x000000000800c934       0xa4 d:/st/stm32cubeide_1.4.0/stm32cubeide/plugins/com.st.stm32cube.ide.mcu.externaltools.gnu-tools-for-stm32.7-2018-q2-update.win32_1.4.0.202007081208/tools/bin/../lib/gcc/arm-none-eabi/7.3.1/../../../../arm-none-eabi/lib/thumb/v7e-m/fpv4-sp/hard\libc_nano.a(lib_a-wbuf.o)
                0x000000000800c934                __swbuf_r
 .text.__swsetup_r
                0x000000000800c9d8       0xdc d:/st/stm32cubeide_1.4.0/stm32cubeide/plugins/com.st.stm32cube.ide.mcu.externaltools.gnu-tools-for-stm32.7-2018-q2-update.win32_1.4.0.202007081208/tools/bin/../lib/gcc/arm-none-eabi/7.3.1/../../../../arm-none-eabi/lib/thumb/v7e-m/fpv4-sp/hard\libc_nano.a(lib_a-wsetup.o)
                0x000000000800c9d8                __swsetup_r
 .text.__sflush_r
                0x000000000800cab4      0x10c d:/st/stm32cubeide_1.4.0/stm32cubeide/plugins/com.st.stm32cube.ide.mcu.externaltools.gnu-tools-for-stm32.7-2018-q2-update.win32_1.4.0.202007081208/tools/bin/../lib/gcc/arm-none-eabi/7.3.1/../../../../arm-none-eabi/lib/thumb/v7e-m/fpv4-sp/hard\libc_nano.a(lib_a-fflush.o)
                0x000000000800cab4                __sflush_r
 .text._fflush_r
                0x000000000800cbc0       0x54 d:/st/stm32cubeide_1.4.0/stm32cubeide/plugins/com.st.stm32cube.ide.mcu.externaltools.gnu-tools-for-stm32.7-2018-q2-update.win32_1.4.0.202007081208/tools/bin/../lib/gcc/arm-none-eabi/7.3.1/../../../../arm-none-eabi/lib/thumb/v7e-m/fpv4-sp/hard\libc_nano.a(lib_a-fflush.o)
                0x000000000800cbc0                _fflush_r
 .text.std      0x000000000800cc14       0x48 d:/st/stm32cubeide_1.4.0/stm32cubeide/plugins/com.st.stm32cube.ide.mcu.externaltools.gnu-tools-for-stm32.7-2018-q2-update.win32_1.4.0.202007081208/tools/bin/../lib/gcc/arm-none-eabi/7.3.1/../../../../arm-none-eabi/lib/thumb/v7e-m/fpv4-sp/hard\libc_nano.a(lib_a-findfp.o)
 .text._cleanup_r
                0x000000000800cc5c        0xc d:/st/stm32cubeide_1.4.0/stm32cubeide/plugins/com.st.stm32cube.ide.mcu.externaltools.gnu-tools-for-stm32.7-2018-q2-update.win32_1.4.0.202007081208/tools/bin/../lib/gcc/arm-none-eabi/7.3.1/../../../../arm-none-eabi/lib/thumb/v7e-m/fpv4-sp/hard\libc_nano.a(lib_a-findfp.o)
                0x000000000800cc5c                _cleanup_r
 .text.__sfmoreglue
                0x000000000800cc68       0x2c d:/st/stm32cubeide_1.4.0/stm32cubeide/plugins/com.st.stm32cube.ide.mcu.externaltools.gnu-tools-for-stm32.7-2018-q2-update.win32_1.4.0.202007081208/tools/bin/../lib/gcc/arm-none-eabi/7.3.1/../../../../arm-none-eabi/lib/thumb/v7e-m/fpv4-sp/hard\libc_nano.a(lib_a-findfp.o)
                0x000000000800cc68                __sfmoreglue
 .text.__sinit  0x000000000800cc94       0x60 d:/st/stm32cubeide_1.4.0/stm32cubeide/plugins/com.st.stm32cube.ide.mcu.externaltools.gnu-tools-for-stm32.7-2018-q2-update.win32_1.4.0.202007081208/tools/bin/../lib/gcc/arm-none-eabi/7.3.1/../../../../arm-none-eabi/lib/thumb/v7e-m/fpv4-sp/hard\libc_nano.a(lib_a-findfp.o)
                0x000000000800cc94                __sinit
 .text.__sfp    0x000000000800ccf4       0x78 d:/st/stm32cubeide_1.4.0/stm32cubeide/plugins/com.st.stm32cube.ide.mcu.externaltools.gnu-tools-for-stm32.7-2018-q2-update.win32_1.4.0.202007081208/tools/bin/../lib/gcc/arm-none-eabi/7.3.1/../../../../arm-none-eabi/lib/thumb/v7e-m/fpv4-sp/hard\libc_nano.a(lib_a-findfp.o)
                0x000000000800ccf4                __sfp
 .text._fwalk_reent
                0x000000000800cd6c       0x3c d:/st/stm32cubeide_1.4.0/stm32cubeide/plugins/com.st.stm32cube.ide.mcu.externaltools.gnu-tools-for-stm32.7-2018-q2-update.win32_1.4.0.202007081208/tools/bin/../lib/gcc/arm-none-eabi/7.3.1/../../../../arm-none-eabi/lib/thumb/v7e-m/fpv4-sp/hard\libc_nano.a(lib_a-fwalk.o)
                0x000000000800cd6c                _fwalk_reent
 .text.__swhatbuf_r
                0x000000000800cda8       0x48 d:/st/stm32cubeide_1.4.0/stm32cubeide/plugins/com.st.stm32cube.ide.mcu.externaltools.gnu-tools-for-stm32.7-2018-q2-update.win32_1.4.0.202007081208/tools/bin/../lib/gcc/arm-none-eabi/7.3.1/../../../../arm-none-eabi/lib/thumb/v7e-m/fpv4-sp/hard\libc_nano.a(lib_a-makebuf.o)
                0x000000000800cda8                __swhatbuf_r
 .text.__smakebuf_r
                0x000000000800cdf0       0x80 d:/st/stm32cubeide_1.4.0/stm32cubeide/plugins/com.st.stm32cube.ide.mcu.externaltools.gnu-tools-for-stm32.7-2018-q2-update.win32_1.4.0.202007081208/tools/bin/../lib/gcc/arm-none-eabi/7.3.1/../../../../arm-none-eabi/lib/thumb/v7e-m/fpv4-sp/hard\libc_nano.a(lib_a-makebuf.o)
                0x000000000800cdf0                __smakebuf_r
 .text._free_r  0x000000000800ce70       0x9c d:/st/stm32cubeide_1.4.0/stm32cubeide/plugins/com.st.stm32cube.ide.mcu.externaltools.gnu-tools-for-stm32.7-2018-q2-update.win32_1.4.0.202007081208/tools/bin/../lib/gcc/arm-none-eabi/7.3.1/../../../../arm-none-eabi/lib/thumb/v7e-m/fpv4-sp/hard\libc_nano.a(lib_a-nano-freer.o)
                0x000000000800ce70                _free_r
 .text._malloc_r
                0x000000000800cf0c       0xb4 d:/st/stm32cubeide_1.4.0/stm32cubeide/plugins/com.st.stm32cube.ide.mcu.externaltools.gnu-tools-for-stm32.7-2018-q2-update.win32_1.4.0.202007081208/tools/bin/../lib/gcc/arm-none-eabi/7.3.1/../../../../arm-none-eabi/lib/thumb/v7e-m/fpv4-sp/hard\libc_nano.a(lib_a-nano-mallocr.o)
                0x000000000800cf0c                _malloc_r
 .text.__ssputs_r
                0x000000000800cfc0       0xb4 d:/st/stm32cubeide_1.4.0/stm32cubeide/plugins/com.st.stm32cube.ide.mcu.externaltools.gnu-tools-for-stm32.7-2018-q2-update.win32_1.4.0.202007081208/tools/bin/../lib/gcc/arm-none-eabi/7.3.1/../../../../arm-none-eabi/lib/thumb/v7e-m/fpv4-sp/hard\libc_nano.a(lib_a-nano-svfprintf.o)
                0x000000000800cfc0                __ssputs_r
 .text._svfprintf_r
                0x000000000800d074      0x1f0 d:/st/stm32cubeide_1.4.0/stm32cubeide/plugins/com.st.stm32cube.ide.mcu.externaltools.gnu-tools-for-stm32.7-2018-q2-update.win32_1.4.0.202007081208/tools/bin/../lib/gcc/arm-none-eabi/7.3.1/../../../../arm-none-eabi/lib/thumb/v7e-m/fpv4-sp/hard\libc_nano.a(lib_a-nano-svfprintf.o)
                0x000000000800d074                _svfiprintf_r
                0x000000000800d074                _svfprintf_r
 .text._printf_common
                0x000000000800d264       0xea d:/st/stm32cubeide_1.4.0/stm32cubeide/plugins/com.st.stm32cube.ide.mcu.externaltools.gnu-tools-for-stm32.7-2018-q2-update.win32_1.4.0.202007081208/tools/bin/../lib/gcc/arm-none-eabi/7.3.1/../../../../arm-none-eabi/lib/thumb/v7e-m/fpv4-sp/hard\libc_nano.a(lib_a-nano-vfprintf_i.o)
                0x000000000800d264                _printf_common
 *fill*         0x000000000800d34e        0x2 
 .text._printf_i
                0x000000000800d350      0x224 d:/st/stm32cubeide_1.4.0/stm32cubeide/plugins/com.st.stm32cube.ide.mcu.externaltools.gnu-tools-for-stm32.7-2018-q2-update.win32_1.4.0.202007081208/tools/bin/../lib/gcc/arm-none-eabi/7.3.1/../../../../arm-none-eabi/lib/thumb/v7e-m/fpv4-sp/hard\libc_nano.a(lib_a-nano-vfprintf_i.o)
                0x000000000800d350                _printf_i
 .text._sbrk_r  0x000000000800d574       0x20 d:/st/stm32cubeide_1.4.0/stm32cubeide/plugins/com.st.stm32cube.ide.mcu.externaltools.gnu-tools-for-stm32.7-2018-q2-update.win32_1.4.0.202007081208/tools/bin/../lib/gcc/arm-none-eabi/7.3.1/../../../../arm-none-eabi/lib/thumb/v7e-m/fpv4-sp/hard\libc_nano.a(lib_a-sbrkr.o)
                0x000000000800d574                _sbrk_r
 .text.__sread  0x000000000800d594       0x22 d:/st/stm32cubeide_1.4.0/stm32cubeide/plugins/com.st.stm32cube.ide.mcu.externaltools.gnu-tools-for-stm32.7-2018-q2-update.win32_1.4.0.202007081208/tools/bin/../lib/gcc/arm-none-eabi/7.3.1/../../../../arm-none-eabi/lib/thumb/v7e-m/fpv4-sp/hard\libc_nano.a(lib_a-stdio.o)
                0x000000000800d594                __sread
 .text.__swrite
                0x000000000800d5b6       0x38 d:/st/stm32cubeide_1.4.0/stm32cubeide/plugins/com.st.stm32cube.ide.mcu.externaltools.gnu-tools-for-stm32.7-2018-q2-update.win32_1.4.0.202007081208/tools/bin/../lib/gcc/arm-none-eabi/7.3.1/../../../../arm-none-eabi/lib/thumb/v7e-m/fpv4-sp/hard\libc_nano.a(lib_a-stdio.o)
                0x000000000800d5b6                __swrite
 .text.__sseek  0x000000000800d5ee       0x24 d:/st/stm32cubeide_1.4.0/stm32cubeide/plugins/com.st.stm32cube.ide.mcu.externaltools.gnu-tools-for-stm32.7-2018-q2-update.win32_1.4.0.202007081208/tools/bin/../lib/gcc/arm-none-eabi/7.3.1/../../../../arm-none-eabi/lib/thumb/v7e-m/fpv4-sp/hard\libc_nano.a(lib_a-stdio.o)
                0x000000000800d5ee                __sseek
 .text.__sclose
                0x000000000800d612        0x8 d:/st/stm32cubeide_1.4.0/stm32cubeide/plugins/com.st.stm32cube.ide.mcu.externaltools.gnu-tools-for-stm32.7-2018-q2-update.win32_1.4.0.202007081208/tools/bin/../lib/gcc/arm-none-eabi/7.3.1/../../../../arm-none-eabi/lib/thumb/v7e-m/fpv4-sp/hard\libc_nano.a(lib_a-stdio.o)
                0x000000000800d612                __sclose
 *fill*         0x000000000800d61a        0x2 
 .text._write_r
                0x000000000800d61c       0x24 d:/st/stm32cubeide_1.4.0/stm32cubeide/plugins/com.st.stm32cube.ide.mcu.externaltools.gnu-tools-for-stm32.7-2018-q2-update.win32_1.4.0.202007081208/tools/bin/../lib/gcc/arm-none-eabi/7.3.1/../../../../arm-none-eabi/lib/thumb/v7e-m/fpv4-sp/hard\libc_nano.a(lib_a-writer.o)
                0x000000000800d61c                _write_r
 .text._close_r
                0x000000000800d640       0x20 d:/st/stm32cubeide_1.4.0/stm32cubeide/plugins/com.st.stm32cube.ide.mcu.externaltools.gnu-tools-for-stm32.7-2018-q2-update.win32_1.4.0.202007081208/tools/bin/../lib/gcc/arm-none-eabi/7.3.1/../../../../arm-none-eabi/lib/thumb/v7e-m/fpv4-sp/hard\libc_nano.a(lib_a-closer.o)
                0x000000000800d640                _close_r
 .text._fstat_r
                0x000000000800d660       0x24 d:/st/stm32cubeide_1.4.0/stm32cubeide/plugins/com.st.stm32cube.ide.mcu.externaltools.gnu-tools-for-stm32.7-2018-q2-update.win32_1.4.0.202007081208/tools/bin/../lib/gcc/arm-none-eabi/7.3.1/../../../../arm-none-eabi/lib/thumb/v7e-m/fpv4-sp/hard\libc_nano.a(lib_a-fstatr.o)
                0x000000000800d660                _fstat_r
 .text._isatty_r
                0x000000000800d684       0x20 d:/st/stm32cubeide_1.4.0/stm32cubeide/plugins/com.st.stm32cube.ide.mcu.externaltools.gnu-tools-for-stm32.7-2018-q2-update.win32_1.4.0.202007081208/tools/bin/../lib/gcc/arm-none-eabi/7.3.1/../../../../arm-none-eabi/lib/thumb/v7e-m/fpv4-sp/hard\libc_nano.a(lib_a-isattyr.o)
                0x000000000800d684                _isatty_r
 .text._lseek_r
                0x000000000800d6a4       0x24 d:/st/stm32cubeide_1.4.0/stm32cubeide/plugins/com.st.stm32cube.ide.mcu.externaltools.gnu-tools-for-stm32.7-2018-q2-update.win32_1.4.0.202007081208/tools/bin/../lib/gcc/arm-none-eabi/7.3.1/../../../../arm-none-eabi/lib/thumb/v7e-m/fpv4-sp/hard\libc_nano.a(lib_a-lseekr.o)
                0x000000000800d6a4                _lseek_r
 .text.memcpy   0x000000000800d6c8       0x16 d:/st/stm32cubeide_1.4.0/stm32cubeide/plugins/com.st.stm32cube.ide.mcu.externaltools.gnu-tools-for-stm32.7-2018-q2-update.win32_1.4.0.202007081208/tools/bin/../lib/gcc/arm-none-eabi/7.3.1/../../../../arm-none-eabi/lib/thumb/v7e-m/fpv4-sp/hard\libc_nano.a(lib_a-memcpy-stub.o)
                0x000000000800d6c8                memcpy
 .text.memmove  0x000000000800d6de       0x32 d:/st/stm32cubeide_1.4.0/stm32cubeide/plugins/com.st.stm32cube.ide.mcu.externaltools.gnu-tools-for-stm32.7-2018-q2-update.win32_1.4.0.202007081208/tools/bin/../lib/gcc/arm-none-eabi/7.3.1/../../../../arm-none-eabi/lib/thumb/v7e-m/fpv4-sp/hard\libc_nano.a(lib_a-memmove.o)
                0x000000000800d6de                memmove
 .text.__malloc_lock
                0x000000000800d710        0x2 d:/st/stm32cubeide_1.4.0/stm32cubeide/plugins/com.st.stm32cube.ide.mcu.externaltools.gnu-tools-for-stm32.7-2018-q2-update.win32_1.4.0.202007081208/tools/bin/../lib/gcc/arm-none-eabi/7.3.1/../../../../arm-none-eabi/lib/thumb/v7e-m/fpv4-sp/hard\libc_nano.a(lib_a-mlock.o)
                0x000000000800d710                __malloc_lock
 .text.__malloc_unlock
                0x000000000800d712        0x2 d:/st/stm32cubeide_1.4.0/stm32cubeide/plugins/com.st.stm32cube.ide.mcu.externaltools.gnu-tools-for-stm32.7-2018-q2-update.win32_1.4.0.202007081208/tools/bin/../lib/gcc/arm-none-eabi/7.3.1/../../../../arm-none-eabi/lib/thumb/v7e-m/fpv4-sp/hard\libc_nano.a(lib_a-mlock.o)
                0x000000000800d712                __malloc_unlock
 .text._realloc_r
                0x000000000800d714       0x4c d:/st/stm32cubeide_1.4.0/stm32cubeide/plugins/com.st.stm32cube.ide.mcu.externaltools.gnu-tools-for-stm32.7-2018-q2-update.win32_1.4.0.202007081208/tools/bin/../lib/gcc/arm-none-eabi/7.3.1/../../../../arm-none-eabi/lib/thumb/v7e-m/fpv4-sp/hard\libc_nano.a(lib_a-nano-reallocr.o)
                0x000000000800d714                _realloc_r
 .text._read_r  0x000000000800d760       0x24 d:/st/stm32cubeide_1.4.0/stm32cubeide/plugins/com.st.stm32cube.ide.mcu.externaltools.gnu-tools-for-stm32.7-2018-q2-update.win32_1.4.0.202007081208/tools/bin/../lib/gcc/arm-none-eabi/7.3.1/../../../../arm-none-eabi/lib/thumb/v7e-m/fpv4-sp/hard\libc_nano.a(lib_a-readr.o)
                0x000000000800d760                _read_r
 .text._malloc_usable_size_r
                0x000000000800d784       0x10 d:/st/stm32cubeide_1.4.0/stm32cubeide/plugins/com.st.stm32cube.ide.mcu.externaltools.gnu-tools-for-stm32.7-2018-q2-update.win32_1.4.0.202007081208/tools/bin/../lib/gcc/arm-none-eabi/7.3.1/../../../../arm-none-eabi/lib/thumb/v7e-m/fpv4-sp/hard\libc_nano.a(lib_a-nano-msizer.o)
                0x000000000800d784                _malloc_usable_size_r
 *(.glue_7)
 .glue_7        0x000000000800d794        0x0 linker stubs
 *(.glue_7t)
 .glue_7t       0x000000000800d794        0x0 linker stubs
 *(.eh_frame)
 .eh_frame      0x000000000800d794        0x0 d:/st/stm32cubeide_1.4.0/stm32cubeide/plugins/com.st.stm32cube.ide.mcu.externaltools.gnu-tools-for-stm32.7-2018-q2-update.win32_1.4.0.202007081208/tools/bin/../lib/gcc/arm-none-eabi/7.3.1/thumb/v7e-m/fpv4-sp/hard/crtbegin.o
 *(.init)
 .init          0x000000000800d794        0x4 d:/st/stm32cubeide_1.4.0/stm32cubeide/plugins/com.st.stm32cube.ide.mcu.externaltools.gnu-tools-for-stm32.7-2018-q2-update.win32_1.4.0.202007081208/tools/bin/../lib/gcc/arm-none-eabi/7.3.1/thumb/v7e-m/fpv4-sp/hard/crti.o
                0x000000000800d794                _init
 .init          0x000000000800d798        0x8 d:/st/stm32cubeide_1.4.0/stm32cubeide/plugins/com.st.stm32cube.ide.mcu.externaltools.gnu-tools-for-stm32.7-2018-q2-update.win32_1.4.0.202007081208/tools/bin/../lib/gcc/arm-none-eabi/7.3.1/thumb/v7e-m/fpv4-sp/hard/crtn.o
 *(.fini)
 .fini          0x000000000800d7a0        0x4 d:/st/stm32cubeide_1.4.0/stm32cubeide/plugins/com.st.stm32cube.ide.mcu.externaltools.gnu-tools-for-stm32.7-2018-q2-update.win32_1.4.0.202007081208/tools/bin/../lib/gcc/arm-none-eabi/7.3.1/thumb/v7e-m/fpv4-sp/hard/crti.o
                0x000000000800d7a0                _fini
 .fini          0x000000000800d7a4        0x8 d:/st/stm32cubeide_1.4.0/stm32cubeide/plugins/com.st.stm32cube.ide.mcu.externaltools.gnu-tools-for-stm32.7-2018-q2-update.win32_1.4.0.202007081208/tools/bin/../lib/gcc/arm-none-eabi/7.3.1/thumb/v7e-m/fpv4-sp/hard/crtn.o
                0x000000000800d7ac                . = ALIGN (0x4)
                0x000000000800d7ac                _etext = .

.vfp11_veneer   0x000000000800d7ac        0x0
 .vfp11_veneer  0x000000000800d7ac        0x0 linker stubs

.v4_bx          0x000000000800d7ac        0x0
 .v4_bx         0x000000000800d7ac        0x0 linker stubs

.iplt           0x000000000800d7ac        0x0
 .iplt          0x000000000800d7ac        0x0 d:/st/stm32cubeide_1.4.0/stm32cubeide/plugins/com.st.stm32cube.ide.mcu.externaltools.gnu-tools-for-stm32.7-2018-q2-update.win32_1.4.0.202007081208/tools/bin/../lib/gcc/arm-none-eabi/7.3.1/thumb/v7e-m/fpv4-sp/hard/crtbegin.o

.rodata         0x000000000800d7ac     0x200c
                0x000000000800d7ac                . = ALIGN (0x4)
 *(.rodata)
 .rodata        0x000000000800d7ac       0x27 Core/Src/main.o
 *(.rodata*)
 *fill*         0x000000000800d7d3        0x1 
 .rodata.AHBPrescTable
                0x000000000800d7d4       0x10 Core/Src/system_stm32f7xx.o
                0x000000000800d7d4                AHBPrescTable
 .rodata.APBPrescTable
                0x000000000800d7e4        0x8 Core/Src/system_stm32f7xx.o
                0x000000000800d7e4                APBPrescTable
 .rodata.Font24_Table
                0x000000000800d7ec     0x1ab8 Drivers/BSP/STM32746G-Discovery/stm32746g_discovery_lcd.o
                0x000000000800d7ec                Font24_Table
 .rodata.Font12_Table
                0x000000000800f2a4      0x474 Drivers/BSP/STM32746G-Discovery/stm32746g_discovery_lcd.o
                0x000000000800f2a4                Font12_Table
 .rodata.flagBitshiftOffset.10560
                0x000000000800f718        0x8 Drivers/STM32F7xx_HAL_Driver/Src/stm32f7xx_hal_dma.o
 .rodata._global_impure_ptr
                0x000000000800f720        0x4 d:/st/stm32cubeide_1.4.0/stm32cubeide/plugins/com.st.stm32cube.ide.mcu.externaltools.gnu-tools-for-stm32.7-2018-q2-update.win32_1.4.0.202007081208/tools/bin/../lib/gcc/arm-none-eabi/7.3.1/../../../../arm-none-eabi/lib/thumb/v7e-m/fpv4-sp/hard\libc_nano.a(lib_a-impure.o)
                0x000000000800f720                _global_impure_ptr
 .rodata.__sf_fake_stderr
                0x000000000800f724       0x20 d:/st/stm32cubeide_1.4.0/stm32cubeide/plugins/com.st.stm32cube.ide.mcu.externaltools.gnu-tools-for-stm32.7-2018-q2-update.win32_1.4.0.202007081208/tools/bin/../lib/gcc/arm-none-eabi/7.3.1/../../../../arm-none-eabi/lib/thumb/v7e-m/fpv4-sp/hard\libc_nano.a(lib_a-findfp.o)
                0x000000000800f724                __sf_fake_stderr
 .rodata.__sf_fake_stdin
                0x000000000800f744       0x20 d:/st/stm32cubeide_1.4.0/stm32cubeide/plugins/com.st.stm32cube.ide.mcu.externaltools.gnu-tools-for-stm32.7-2018-q2-update.win32_1.4.0.202007081208/tools/bin/../lib/gcc/arm-none-eabi/7.3.1/../../../../arm-none-eabi/lib/thumb/v7e-m/fpv4-sp/hard\libc_nano.a(lib_a-findfp.o)
                0x000000000800f744                __sf_fake_stdin
 .rodata.__sf_fake_stdout
                0x000000000800f764       0x20 d:/st/stm32cubeide_1.4.0/stm32cubeide/plugins/com.st.stm32cube.ide.mcu.externaltools.gnu-tools-for-stm32.7-2018-q2-update.win32_1.4.0.202007081208/tools/bin/../lib/gcc/arm-none-eabi/7.3.1/../../../../arm-none-eabi/lib/thumb/v7e-m/fpv4-sp/hard\libc_nano.a(lib_a-findfp.o)
                0x000000000800f764                __sf_fake_stdout
 .rodata._svfprintf_r.str1.1
                0x000000000800f784       0x11 d:/st/stm32cubeide_1.4.0/stm32cubeide/plugins/com.st.stm32cube.ide.mcu.externaltools.gnu-tools-for-stm32.7-2018-q2-update.win32_1.4.0.202007081208/tools/bin/../lib/gcc/arm-none-eabi/7.3.1/../../../../arm-none-eabi/lib/thumb/v7e-m/fpv4-sp/hard\libc_nano.a(lib_a-nano-svfprintf.o)
 .rodata._printf_i.str1.1
                0x000000000800f795       0x22 d:/st/stm32cubeide_1.4.0/stm32cubeide/plugins/com.st.stm32cube.ide.mcu.externaltools.gnu-tools-for-stm32.7-2018-q2-update.win32_1.4.0.202007081208/tools/bin/../lib/gcc/arm-none-eabi/7.3.1/../../../../arm-none-eabi/lib/thumb/v7e-m/fpv4-sp/hard\libc_nano.a(lib_a-nano-vfprintf_i.o)
                0x000000000800f7b8                . = ALIGN (0x4)
 *fill*         0x000000000800f7b7        0x1 

.ARM.extab      0x000000000800f7b8        0x0
                0x000000000800f7b8                . = ALIGN (0x4)
 *(.ARM.extab* .gnu.linkonce.armextab.*)
                0x000000000800f7b8                . = ALIGN (0x4)

.ARM            0x000000000800f7b8        0x8
                0x000000000800f7b8                . = ALIGN (0x4)
                0x000000000800f7b8                __exidx_start = .
 *(.ARM.exidx*)
 .ARM.exidx     0x000000000800f7b8        0x8 d:/st/stm32cubeide_1.4.0/stm32cubeide/plugins/com.st.stm32cube.ide.mcu.externaltools.gnu-tools-for-stm32.7-2018-q2-update.win32_1.4.0.202007081208/tools/bin/../lib/gcc/arm-none-eabi/7.3.1/thumb/v7e-m/fpv4-sp/hard\libgcc.a(_udivmoddi4.o)
                0x000000000800f7c0                __exidx_end = .
                0x000000000800f7c0                . = ALIGN (0x4)

.rel.dyn        0x000000000800f7c0        0x0
 .rel.iplt      0x000000000800f7c0        0x0 d:/st/stm32cubeide_1.4.0/stm32cubeide/plugins/com.st.stm32cube.ide.mcu.externaltools.gnu-tools-for-stm32.7-2018-q2-update.win32_1.4.0.202007081208/tools/bin/../lib/gcc/arm-none-eabi/7.3.1/thumb/v7e-m/fpv4-sp/hard/crtbegin.o

.preinit_array  0x000000000800f7c0        0x0
                0x000000000800f7c0                . = ALIGN (0x4)
                0x000000000800f7c0                PROVIDE (__preinit_array_start = .)
 *(.preinit_array*)
                0x000000000800f7c0                PROVIDE (__preinit_array_end = .)
                0x000000000800f7c0                . = ALIGN (0x4)

.init_array     0x000000000800f7c0        0x4
                0x000000000800f7c0                . = ALIGN (0x4)
                0x000000000800f7c0                PROVIDE (__init_array_start = .)
 *(SORT_BY_NAME(.init_array.*))
 *(.init_array*)
 .init_array    0x000000000800f7c0        0x4 d:/st/stm32cubeide_1.4.0/stm32cubeide/plugins/com.st.stm32cube.ide.mcu.externaltools.gnu-tools-for-stm32.7-2018-q2-update.win32_1.4.0.202007081208/tools/bin/../lib/gcc/arm-none-eabi/7.3.1/thumb/v7e-m/fpv4-sp/hard/crtbegin.o
                0x000000000800f7c4                PROVIDE (__init_array_end = .)
                0x000000000800f7c4                . = ALIGN (0x4)

.fini_array     0x000000000800f7c4        0x4
                0x000000000800f7c4                . = ALIGN (0x4)
                [!provide]                        PROVIDE (__fini_array_start = .)
 *(SORT_BY_NAME(.fini_array.*))
 *(.fini_array*)
 .fini_array    0x000000000800f7c4        0x4 d:/st/stm32cubeide_1.4.0/stm32cubeide/plugins/com.st.stm32cube.ide.mcu.externaltools.gnu-tools-for-stm32.7-2018-q2-update.win32_1.4.0.202007081208/tools/bin/../lib/gcc/arm-none-eabi/7.3.1/thumb/v7e-m/fpv4-sp/hard/crtbegin.o
                [!provide]                        PROVIDE (__fini_array_end = .)
                0x000000000800f7c8                . = ALIGN (0x4)
                0x000000000800f7c8                _sidata = LOADADDR (.data)

.data           0x0000000020000000       0xac load address 0x000000000800f7c8
                0x0000000020000000                . = ALIGN (0x4)
                0x0000000020000000                _sdata = .
 *(.data)
 *(.data*)
 .data.SystemCoreClock
                0x0000000020000000        0x4 Core/Src/system_stm32f7xx.o
                0x0000000020000000                SystemCoreClock
 .data.ft5336_ts_drv
                0x0000000020000004       0x28 Drivers/BSP/Components/ft5336/ft5336.o
                0x0000000020000004                ft5336_ts_drv
 .data.Font24   0x000000002000002c        0x8 Drivers/BSP/STM32746G-Discovery/stm32746g_discovery_lcd.o
                0x000000002000002c                Font24
 .data.Font12   0x0000000020000034        0x8 Drivers/BSP/STM32746G-Discovery/stm32746g_discovery_lcd.o
                0x0000000020000034                Font12
 .data.sdramstatus.10476
                0x000000002000003c        0x1 Drivers/BSP/STM32746G-Discovery/stm32746g_discovery_sdram.o
 *fill*         0x000000002000003d        0x3 
 .data.uwTickPrio
                0x0000000020000040        0x4 Drivers/STM32F7xx_HAL_Driver/Src/stm32f7xx_hal.o
                0x0000000020000040                uwTickPrio
 .data.uwTickFreq
                0x0000000020000044        0x1 Drivers/STM32F7xx_HAL_Driver/Src/stm32f7xx_hal.o
                0x0000000020000044                uwTickFreq
 *fill*         0x0000000020000045        0x3 
 .data._impure_ptr
                0x0000000020000048        0x4 d:/st/stm32cubeide_1.4.0/stm32cubeide/plugins/com.st.stm32cube.ide.mcu.externaltools.gnu-tools-for-stm32.7-2018-q2-update.win32_1.4.0.202007081208/tools/bin/../lib/gcc/arm-none-eabi/7.3.1/../../../../arm-none-eabi/lib/thumb/v7e-m/fpv4-sp/hard\libc_nano.a(lib_a-impure.o)
                0x0000000020000048                _impure_ptr
 .data.impure_data
                0x000000002000004c       0x60 d:/st/stm32cubeide_1.4.0/stm32cubeide/plugins/com.st.stm32cube.ide.mcu.externaltools.gnu-tools-for-stm32.7-2018-q2-update.win32_1.4.0.202007081208/tools/bin/../lib/gcc/arm-none-eabi/7.3.1/../../../../arm-none-eabi/lib/thumb/v7e-m/fpv4-sp/hard\libc_nano.a(lib_a-impure.o)
                0x00000000200000ac                . = ALIGN (0x4)
                0x00000000200000ac                _edata = .

.igot.plt       0x00000000200000ac        0x0 load address 0x000000000800f874
 .igot.plt      0x00000000200000ac        0x0 d:/st/stm32cubeide_1.4.0/stm32cubeide/plugins/com.st.stm32cube.ide.mcu.externaltools.gnu-tools-for-stm32.7-2018-q2-update.win32_1.4.0.202007081208/tools/bin/../lib/gcc/arm-none-eabi/7.3.1/thumb/v7e-m/fpv4-sp/hard/crtbegin.o
                0x00000000200000ac                . = ALIGN (0x4)

.bss            0x00000000200000ac      0xae8 load address 0x000000000800f874
                0x00000000200000ac                _sbss = .
                0x00000000200000ac                __bss_start__ = _sbss
 *(.bss)
 .bss           0x00000000200000ac       0x1c d:/st/stm32cubeide_1.4.0/stm32cubeide/plugins/com.st.stm32cube.ide.mcu.externaltools.gnu-tools-for-stm32.7-2018-q2-update.win32_1.4.0.202007081208/tools/bin/../lib/gcc/arm-none-eabi/7.3.1/thumb/v7e-m/fpv4-sp/hard/crtbegin.o
 *(.bss*)
 .bss.FMC_Initialized
                0x00000000200000c8        0x4 Core/Src/stm32f7xx_hal_msp.o
 .bss.SAI2_client
                0x00000000200000cc        0x4 Core/Src/stm32f7xx_hal_msp.o
 .bss.__sbrk_heap_end
                0x00000000200000d0        0x4 Core/Src/sysmem.o
 .bss.ft5336_handle
                0x00000000200000d4        0x3 Drivers/BSP/Components/ft5336/ft5336.o
 *fill*         0x00000000200000d7        0x1 
 .bss.coord.5529
                0x00000000200000d8        0x2 Drivers/BSP/Components/ft5336/ft5336.o
 *fill*         0x00000000200000da        0x2 
 .bss.hI2cAudioHandler
                0x00000000200000dc       0x4c Drivers/BSP/STM32746G-Discovery/stm32746g_discovery.o
 .bss.hDma2dHandler
                0x0000000020000128       0x40 Drivers/BSP/STM32746G-Discovery/stm32746g_discovery_lcd.o
 .bss.ActiveLayer
                0x0000000020000168        0x4 Drivers/BSP/STM32746G-Discovery/stm32746g_discovery_lcd.o
 .bss.DrawProp  0x000000002000016c       0x18 Drivers/BSP/STM32746G-Discovery/stm32746g_discovery_lcd.o
 .bss.periph_clk_init_struct.11063
                0x0000000020000184       0x84 Drivers/BSP/STM32746G-Discovery/stm32746g_discovery_lcd.o
 .bss.Timing    0x0000000020000208       0x1c Drivers/BSP/STM32746G-Discovery/stm32746g_discovery_sdram.o
 .bss.Command   0x0000000020000224       0x10 Drivers/BSP/STM32746G-Discovery/stm32746g_discovery_sdram.o
 .bss.dma_handle.10512
                0x0000000020000234       0x60 Drivers/BSP/STM32746G-Discovery/stm32746g_discovery_sdram.o
 .bss.tsDriver  0x0000000020000294        0x4 Drivers/BSP/STM32746G-Discovery/stm32746g_discovery_ts.o
 .bss.tsXBoundary
                0x0000000020000298        0x2 Drivers/BSP/STM32746G-Discovery/stm32746g_discovery_ts.o
 .bss.tsYBoundary
                0x000000002000029a        0x2 Drivers/BSP/STM32746G-Discovery/stm32746g_discovery_ts.o
 .bss.tsOrientation
                0x000000002000029c        0x1 Drivers/BSP/STM32746G-Discovery/stm32746g_discovery_ts.o
 .bss.I2cAddress
                0x000000002000029d        0x1 Drivers/BSP/STM32746G-Discovery/stm32746g_discovery_ts.o
 *fill*         0x000000002000029e        0x2 
 .bss._x.10628  0x00000000200002a0       0x14 Drivers/BSP/STM32746G-Discovery/stm32746g_discovery_ts.o
 .bss._y.10629  0x00000000200002b4       0x14 Drivers/BSP/STM32746G-Discovery/stm32746g_discovery_ts.o
 .bss.__malloc_free_list
                0x00000000200002c8        0x4 d:/st/stm32cubeide_1.4.0/stm32cubeide/plugins/com.st.stm32cube.ide.mcu.externaltools.gnu-tools-for-stm32.7-2018-q2-update.win32_1.4.0.202007081208/tools/bin/../lib/gcc/arm-none-eabi/7.3.1/../../../../arm-none-eabi/lib/thumb/v7e-m/fpv4-sp/hard\libc_nano.a(lib_a-nano-mallocr.o)
                0x00000000200002c8                __malloc_free_list
 .bss.__malloc_sbrk_start
                0x00000000200002cc        0x4 d:/st/stm32cubeide_1.4.0/stm32cubeide/plugins/com.st.stm32cube.ide.mcu.externaltools.gnu-tools-for-stm32.7-2018-q2-update.win32_1.4.0.202007081208/tools/bin/../lib/gcc/arm-none-eabi/7.3.1/../../../../arm-none-eabi/lib/thumb/v7e-m/fpv4-sp/hard\libc_nano.a(lib_a-nano-mallocr.o)
                0x00000000200002cc                __malloc_sbrk_start
 *(COMMON)
 COMMON         0x00000000200002d0      0x7a0 Core/Src/main.o
                0x00000000200002d0                hsai_BlockB2
                0x0000000020000354                hi2c3
                0x00000000200003a0                hspi2
                0x0000000020000404                htim8
                0x0000000020000444                hspdif
                0x0000000020000490                hsai_BlockA2
                0x0000000020000514                hi2c1
                0x0000000020000560                hsd1
                0x00000000200005e4                htim5
                0x0000000020000624                htim3
                0x0000000020000664                hltdc
                0x000000002000070c                hadc3
                0x0000000020000754                hdcmi
                0x00000000200007a4                huart1
                0x0000000020000824                hrtc
                0x0000000020000844                htim1
                0x0000000020000884                huart6
                0x0000000020000904                hdma2d
                0x0000000020000944                TS_State
                0x0000000020000970                htim2
                0x00000000200009b0                htim12
                0x00000000200009f0                hsdram1
                0x0000000020000a24                hqspi
 COMMON         0x0000000020000a70       0x40 Core/Src/stm32f7xx_hal_timebase_tim.o
                0x0000000020000a70                htim6
 COMMON         0x0000000020000ab0       0xa8 Drivers/BSP/STM32746G-Discovery/stm32746g_discovery_lcd.o
                0x0000000020000ab0                hLtdcHandler
 COMMON         0x0000000020000b58       0x34 Drivers/BSP/STM32746G-Discovery/stm32746g_discovery_sdram.o
                0x0000000020000b58                sdramHandle
 COMMON         0x0000000020000b8c        0x4 Drivers/STM32F7xx_HAL_Driver/Src/stm32f7xx_hal.o
                0x0000000020000b8c                uwTick