main.c:95:1:__io_putchar	16	static
main.c:162:5:main	176	static
main.c:465:6:SystemClock_Config	216	static
main.c:548:13:MX_ADC3_Init	24	static
main.c:598:13:MX_DCMI_Init	8	static
main.c:635:13:MX_DMA2D_Init	8	static
main.c:672:13:MX_I2C1_Init	8	static
main.c:718:13:MX_I2C3_Init	8	static
main.c:764:13:MX_LTDC_Init	112	static
main.c:845:13:MX_QUADSPI_Init	8	static
main.c:880:13:MX_RTC_Init	80	static
main.c:972:13:MX_SAI2_Init	8	static
main.c:1047:13:MX_SDMMC1_SD_Init	8	static
main.c:1083:13:MX_SPDIFRX_Init	8	static
main.c:1119:13:MX_SPI2_Init	8	static
main.c:1159:13:MX_TIM1_Init	112	static
main.c:1239:13:MX_TIM2_Init	64	static
main.c:1298:13:MX_TIM3_Init	64	static
main.c:1357:13:MX_TIM5_Init	64	static
main.c:1416:13:MX_TIM8_Init	40	static
main.c:1463:13:MX_TIM12_Init	40	static
main.c:1505:13:MX_USART1_UART_Init	8	static
main.c:1540:13:MX_USART6_UART_Init	8	static
main.c:1571:13:MX_FMC_Init	40	static
main.c:1622:13:MX_GPIO_Init	72	static
main.c:1830:6:HAL_TIM_PeriodElapsedCallback	16	static
main.c:1847:6:Error_Handler	4	static
