main.c:95:1:__io_putchar	16	static
main.c:162:5:main	176	static
main.c:461:6:SystemClock_Config	216	static
main.c:544:13:MX_ADC3_Init	24	static
main.c:594:13:MX_DCMI_Init	8	static
main.c:631:13:MX_DMA2D_Init	8	static
main.c:668:13:MX_I2C1_Init	8	static
main.c:714:13:MX_I2C3_Init	8	static
main.c:760:13:MX_LTDC_Init	112	static
main.c:841:13:MX_QUADSPI_Init	8	static
main.c:876:13:MX_RTC_Init	80	static
main.c:968:13:MX_SAI2_Init	8	static
main.c:1043:13:MX_SDMMC1_SD_Init	8	static
main.c:1079:13:MX_SPDIFRX_Init	8	static
main.c:1115:13:MX_SPI2_Init	8	static
main.c:1155:13:MX_TIM1_Init	112	static
main.c:1235:13:MX_TIM2_Init	64	static
main.c:1294:13:MX_TIM3_Init	64	static
main.c:1353:13:MX_TIM5_Init	64	static
main.c:1412:13:MX_TIM8_Init	40	static
main.c:1459:13:MX_TIM12_Init	40	static
main.c:1501:13:MX_USART1_UART_Init	8	static
main.c:1536:13:MX_USART6_UART_Init	8	static
main.c:1567:13:MX_FMC_Init	40	static
main.c:1618:13:MX_GPIO_Init	72	static
main.c:1826:6:HAL_TIM_PeriodElapsedCallback	16	static
main.c:1843:6:Error_Handler	4	static
