main_backup_10301540.c:95:1:__io_putchar	16	static
main_backup_10301540.c:159:5:main	160	static
main_backup_10301540.c:371:6:SystemClock_Config	216	static
main_backup_10301540.c:454:13:MX_ADC3_Init	24	static
main_backup_10301540.c:504:13:MX_DCMI_Init	8	static
main_backup_10301540.c:541:13:MX_DMA2D_Init	8	static
main_backup_10301540.c:578:13:MX_I2C1_Init	8	static
main_backup_10301540.c:624:13:MX_I2C3_Init	8	static
main_backup_10301540.c:670:13:MX_LTDC_Init	112	static
main_backup_10301540.c:751:13:MX_QUADSPI_Init	8	static
main_backup_10301540.c:786:13:MX_RTC_Init	80	static
main_backup_10301540.c:878:13:MX_SAI2_Init	8	static
main_backup_10301540.c:953:13:MX_SDMMC1_SD_Init	8	static
main_backup_10301540.c:989:13:MX_SPDIFRX_Init	8	static
main_backup_10301540.c:1025:13:MX_SPI2_Init	8	static
main_backup_10301540.c:1065:13:MX_TIM1_Init	112	static
main_backup_10301540.c:1145:13:MX_TIM2_Init	64	static
main_backup_10301540.c:1204:13:MX_TIM3_Init	64	static
main_backup_10301540.c:1263:13:MX_TIM5_Init	64	static
main_backup_10301540.c:1322:13:MX_TIM8_Init	40	static
main_backup_10301540.c:1369:13:MX_TIM12_Init	40	static
main_backup_10301540.c:1411:13:MX_USART1_UART_Init	8	static
main_backup_10301540.c:1446:13:MX_USART6_UART_Init	8	static
main_backup_10301540.c:1477:13:MX_FMC_Init	40	static
main_backup_10301540.c:1528:13:MX_GPIO_Init	72	static
main_backup_10301540.c:1726:6:HAL_TIM_PeriodElapsedCallback	16	static
main_backup_10301540.c:1743:6:Error_Handler	4	static
