main.c:95:1:__io_putchar	16	static
main.c:162:5:main	176	static
main.c:429:6:SystemClock_Config	216	static
main.c:512:13:MX_ADC3_Init	24	static
main.c:562:13:MX_DCMI_Init	8	static
main.c:599:13:MX_DMA2D_Init	8	static
main.c:636:13:MX_I2C1_Init	8	static
main.c:682:13:MX_I2C3_Init	8	static
main.c:728:13:MX_LTDC_Init	112	static
main.c:809:13:MX_QUADSPI_Init	8	static
main.c:844:13:MX_RTC_Init	80	static
main.c:936:13:MX_SAI2_Init	8	static
main.c:1011:13:MX_SDMMC1_SD_Init	8	static
main.c:1047:13:MX_SPDIFRX_Init	8	static
main.c:1083:13:MX_SPI2_Init	8	static
main.c:1123:13:MX_TIM1_Init	112	static
main.c:1203:13:MX_TIM2_Init	64	static
main.c:1262:13:MX_TIM3_Init	64	static
main.c:1321:13:MX_TIM5_Init	64	static
main.c:1380:13:MX_TIM8_Init	40	static
main.c:1427:13:MX_TIM12_Init	40	static
main.c:1469:13:MX_USART1_UART_Init	8	static
main.c:1504:13:MX_USART6_UART_Init	8	static
main.c:1535:13:MX_FMC_Init	40	static
main.c:1586:13:MX_GPIO_Init	72	static
main.c:1794:6:HAL_TIM_PeriodElapsedCallback	16	static
main.c:1811:6:Error_Handler	4	static
