main.c:85:1:__io_putchar	16	static
main.c:131:5:main	8	static
main.c:233:6:SystemClock_Config	216	static
main.c:315:13:MX_ADC3_Init	24	static
main.c:365:13:MX_DMA2D_Init	8	static
main.c:402:13:MX_I2C1_Init	8	static
main.c:448:13:MX_I2C3_Init	8	static
main.c:494:13:MX_LTDC_Init	112	static
main.c:575:13:MX_QUADSPI_Init	8	static
main.c:610:13:MX_RTC_Init	80	static
main.c:702:13:MX_SAI2_Init	8	static
main.c:777:13:MX_SDMMC1_SD_Init	8	static
main.c:813:13:MX_SPDIFRX_Init	8	static
main.c:849:13:MX_TIM1_Init	112	static
main.c:929:13:MX_TIM2_Init	64	static
main.c:988:13:MX_TIM3_Init	64	static
main.c:1047:13:MX_TIM5_Init	64	static
main.c:1106:13:MX_TIM8_Init	40	static
main.c:1153:13:MX_TIM12_Init	40	static
main.c:1195:13:MX_USART1_UART_Init	8	static
main.c:1226:13:MX_FMC_Init	40	static
main.c:1277:13:MX_GPIO_Init	72	static
main.c:1543:6:HAL_TIM_PeriodElapsedCallback	16	static
main.c:1560:6:Error_Handler	4	static
