main.c:87:1:__io_putchar	16	static
main.c:134:5:main	8	static
main.c:238:6:SystemClock_Config	216	static
main.c:320:13:MX_ADC3_Init	24	static
main.c:370:13:MX_DMA2D_Init	8	static
main.c:407:13:MX_I2C1_Init	8	static
main.c:453:13:MX_I2C3_Init	8	static
main.c:499:13:MX_LTDC_Init	112	static
main.c:580:13:MX_QUADSPI_Init	8	static
main.c:615:13:MX_RTC_Init	80	static
main.c:707:13:MX_SAI2_Init	8	static
main.c:782:13:MX_SDMMC1_SD_Init	8	static
main.c:818:13:MX_SPDIFRX_Init	8	static
main.c:854:13:MX_TIM1_Init	112	static
main.c:934:13:MX_TIM2_Init	64	static
main.c:993:13:MX_TIM3_Init	64	static
main.c:1052:13:MX_TIM5_Init	64	static
main.c:1111:13:MX_TIM8_Init	40	static
main.c:1158:13:MX_TIM12_Init	40	static
main.c:1200:13:MX_USART1_UART_Init	8	static
main.c:1231:13:MX_FMC_Init	40	static
main.c:1282:13:MX_GPIO_Init	72	static
main.c:1548:6:HAL_TIM_PeriodElapsedCallback	16	static
main.c:1565:6:Error_Handler	4	static
