stm32f7xx_hal_msp.c:66:6:HAL_MspInit	16	static
stm32f7xx_hal_msp.c:90:6:HAL_ADC_MspInit	48	static
stm32f7xx_hal_msp.c:135:6:HAL_ADC_MspDeInit	16	static
stm32f7xx_hal_msp.c:171:6:HAL_DMA2D_MspInit	24	static
stm32f7xx_hal_msp.c:196:6:HAL_DMA2D_MspDeInit	16	static
stm32f7xx_hal_msp.c:221:6:HAL_I2C_MspInit	56	static
stm32f7xx_hal_msp.c:281:6:HAL_I2C_MspDeInit	16	static
stm32f7xx_hal_msp.c:332:6:HAL_LTDC_MspInit	64	static
stm32f7xx_hal_msp.c:433:6:HAL_LTDC_MspDeInit	16	static
stm32f7xx_hal_msp.c:502:6:HAL_QSPI_MspInit	56	static
stm32f7xx_hal_msp.c:565:6:HAL_QSPI_MspDeInit	16	static
stm32f7xx_hal_msp.c:602:6:HAL_RTC_MspInit	16	static
stm32f7xx_hal_msp.c:624:6:HAL_RTC_MspDeInit	16	static
stm32f7xx_hal_msp.c:646:6:HAL_SD_MspInit	48	static
stm32f7xx_hal_msp.c:695:6:HAL_SD_MspDeInit	16	static
stm32f7xx_hal_msp.c:731:6:HAL_SPDIFRX_MspInit	48	static
stm32f7xx_hal_msp.c:766:6:HAL_SPDIFRX_MspDeInit	16	static
stm32f7xx_hal_msp.c:794:6:HAL_TIM_Base_MspInit	40	static
stm32f7xx_hal_msp.c:860:6:HAL_TIM_PWM_MspInit	24	static
stm32f7xx_hal_msp.c:876:6:HAL_TIM_MspPostInit	56	static
stm32f7xx_hal_msp.c:991:6:HAL_TIM_Base_MspDeInit	16	static
stm32f7xx_hal_msp.c:1057:6:HAL_TIM_PWM_MspDeInit	16	static
stm32f7xx_hal_msp.c:1079:6:HAL_UART_MspInit	48	static
stm32f7xx_hal_msp.c:1123:6:HAL_UART_MspDeInit	16	static
stm32f7xx_hal_msp.c:1150:13:HAL_FMC_MspInit	32	static
stm32f7xx_hal_msp.c:1256:6:HAL_SDRAM_MspInit	16	static
stm32f7xx_hal_msp.c:1268:13:HAL_FMC_MspDeInit	8	static
stm32f7xx_hal_msp.c:1342:6:HAL_SDRAM_MspDeInit	16	static
stm32f7xx_hal_msp.c:1354:6:HAL_SAI_MspInit	48	static
stm32f7xx_hal_msp.c:1404:6:HAL_SAI_MspDeInit	16	static
