stm32f7xx_hal_msp.c:66:6:HAL_MspInit	16	static
stm32f7xx_hal_msp.c:90:6:HAL_ADC_MspInit	48	static
stm32f7xx_hal_msp.c:135:6:HAL_ADC_MspDeInit	16	static
stm32f7xx_hal_msp.c:171:6:HAL_DCMI_MspInit	64	static
stm32f7xx_hal_msp.c:249:6:HAL_DCMI_MspDeInit	16	static
stm32f7xx_hal_msp.c:296:6:HAL_DMA2D_MspInit	24	static
stm32f7xx_hal_msp.c:321:6:HAL_DMA2D_MspDeInit	16	static
stm32f7xx_hal_msp.c:346:6:HAL_I2C_MspInit	56	static
stm32f7xx_hal_msp.c:406:6:HAL_I2C_MspDeInit	16	static
stm32f7xx_hal_msp.c:457:6:HAL_LTDC_MspInit	64	static
stm32f7xx_hal_msp.c:558:6:HAL_LTDC_MspDeInit	16	static
stm32f7xx_hal_msp.c:627:6:HAL_QSPI_MspInit	56	static
stm32f7xx_hal_msp.c:690:6:HAL_QSPI_MspDeInit	16	static
stm32f7xx_hal_msp.c:727:6:HAL_RTC_MspInit	16	static
stm32f7xx_hal_msp.c:749:6:HAL_RTC_MspDeInit	16	static
stm32f7xx_hal_msp.c:771:6:HAL_SD_MspInit	48	static
stm32f7xx_hal_msp.c:820:6:HAL_SD_MspDeInit	16	static
stm32f7xx_hal_msp.c:856:6:HAL_SPDIFRX_MspInit	48	static
stm32f7xx_hal_msp.c:891:6:HAL_SPDIFRX_MspDeInit	16	static
stm32f7xx_hal_msp.c:919:6:HAL_SPI_MspInit	48	static
stm32f7xx_hal_msp.c:964:6:HAL_SPI_MspDeInit	16	static
stm32f7xx_hal_msp.c:996:6:HAL_TIM_Base_MspInit	40	static
stm32f7xx_hal_msp.c:1062:6:HAL_TIM_PWM_MspInit	24	static
stm32f7xx_hal_msp.c:1078:6:HAL_TIM_MspPostInit	56	static
stm32f7xx_hal_msp.c:1193:6:HAL_TIM_Base_MspDeInit	16	static
stm32f7xx_hal_msp.c:1259:6:HAL_TIM_PWM_MspDeInit	16	static
stm32f7xx_hal_msp.c:1281:6:HAL_UART_MspInit	56	static
stm32f7xx_hal_msp.c:1349:6:HAL_UART_MspDeInit	16	static
stm32f7xx_hal_msp.c:1394:13:HAL_FMC_MspInit	32	static
stm32f7xx_hal_msp.c:1500:6:HAL_SDRAM_MspInit	16	static
stm32f7xx_hal_msp.c:1512:13:HAL_FMC_MspDeInit	8	static
stm32f7xx_hal_msp.c:1586:6:HAL_SDRAM_MspDeInit	16	static
stm32f7xx_hal_msp.c:1598:6:HAL_SAI_MspInit	48	static
stm32f7xx_hal_msp.c:1648:6:HAL_SAI_MspDeInit	16	static
